Archive member included to satisfy reference by file (symbol)

../Middlewares/ST/AI/Lib\NetworkRuntime1020_CM4_GCC.a(ai_platform.o)
                              ./X-CUBE-AI/App/my_network.o (ai_buffer_array_item_set_address)
../Middlewares/ST/AI/Lib\NetworkRuntime1020_CM4_GCC.a(ai_platform_interface.o)
                              ./X-CUBE-AI/App/my_network.o (ai_platform_get_weights_map)
../Middlewares/ST/AI/Lib\NetworkRuntime1020_CM4_GCC.a(core_common.o)
                              ../Middlewares/ST/AI/Lib\NetworkRuntime1020_CM4_GCC.a(ai_platform_interface.o) (core_init)
../Middlewares/ST/AI/Lib\NetworkRuntime1020_CM4_GCC.a(core_convert.o)
                              ./X-CUBE-AI/App/my_network.o (node_convert)
../Middlewares/ST/AI/Lib\NetworkRuntime1020_CM4_GCC.a(core_mem_manager.o)
                              ../Middlewares/ST/AI/Lib\NetworkRuntime1020_CM4_GCC.a(ai_platform_interface.o) (core_mem_alloc)
../Middlewares/ST/AI/Lib\NetworkRuntime1020_CM4_GCC.a(layers.o)
                              ../Middlewares/ST/AI/Lib\NetworkRuntime1020_CM4_GCC.a(ai_platform_interface.o) (ai_check_custom_types)
../Middlewares/ST/AI/Lib\NetworkRuntime1020_CM4_GCC.a(layers_conv2d_rgb_sssa8_ch.o)
                              ./X-CUBE-AI/App/my_network.o (forward_conv2d_rgb_sssa8_ch)
../Middlewares/ST/AI/Lib\NetworkRuntime1020_CM4_GCC.a(layers_conv2d_stm32_integer.o)
                              ./X-CUBE-AI/App/my_network.o (forward_dense_integer_SSSA_ch)
../Middlewares/ST/AI/Lib\NetworkRuntime1020_CM4_GCC.a(layers_dw_sssa8_ch.o)
                              ./X-CUBE-AI/App/my_network.o (forward_dw_3x3_sssa8_ch)
../Middlewares/ST/AI/Lib\NetworkRuntime1020_CM4_GCC.a(layers_generic_float.o)
                              ./X-CUBE-AI/App/my_network.o (forward_pad)
../Middlewares/ST/AI/Lib\NetworkRuntime1020_CM4_GCC.a(layers_nl_stm32_integer.o)
                              ./X-CUBE-AI/App/my_network.o (forward_nl_integer)
../Middlewares/ST/AI/Lib\NetworkRuntime1020_CM4_GCC.a(layers_pad_generic.o)
                              ../Middlewares/ST/AI/Lib\NetworkRuntime1020_CM4_GCC.a(layers_generic_float.o) (forward_pad_8bit_ch1st_3x3_constant)
../Middlewares/ST/AI/Lib\NetworkRuntime1020_CM4_GCC.a(layers_pool_stm32_integer.o)
                              ./X-CUBE-AI/App/my_network.o (forward_ap_integer_INT8)
../Middlewares/ST/AI/Lib\NetworkRuntime1020_CM4_GCC.a(layers_pw_sssa8_ch.o)
                              ./X-CUBE-AI/App/my_network.o (forward_pw_sssa8_ch)
../Middlewares/ST/AI/Lib\NetworkRuntime1020_CM4_GCC.a(layers_resize.o)
                              ../Middlewares/ST/AI/Lib\NetworkRuntime1020_CM4_GCC.a(layers_generic_float.o) (forward_resize_nearest_if32of32)
../Middlewares/ST/AI/Lib\NetworkRuntime1020_CM4_GCC.a(layers_stm32_integer.o)
                              ./X-CUBE-AI/App/my_network.o (forward_eltwise_integer_INT8)
../Middlewares/ST/AI/Lib\NetworkRuntime1020_CM4_GCC.a(layers_conv2d_integer_scratch.o)
                              ../Middlewares/ST/AI/Lib\NetworkRuntime1020_CM4_GCC.a(layers.o) (get_dense_scratch_size_s8)
../Middlewares/ST/AI/Lib\NetworkRuntime1020_CM4_GCC.a(forward_lite_argminmax.o)
                              ../Middlewares/ST/AI/Lib\NetworkRuntime1020_CM4_GCC.a(layers_generic_float.o) (forward_lite_argmax_if32)
../Middlewares/ST/AI/Lib\NetworkRuntime1020_CM4_GCC.a(forward_lite_convert.o)
                              ../Middlewares/ST/AI/Lib\NetworkRuntime1020_CM4_GCC.a(core_convert.o) (forward_lite_node_convert_is1os8)
../Middlewares/ST/AI/Lib\NetworkRuntime1020_CM4_GCC.a(forward_lite_dense_is8os8ws8_ch.o)
                              ../Middlewares/ST/AI/Lib\NetworkRuntime1020_CM4_GCC.a(layers_conv2d_stm32_integer.o) (forward_lite_dense_is8os8ws8_ch)
../Middlewares/ST/AI/Lib\NetworkRuntime1020_CM4_GCC.a(forward_lite_dense_is8os8ws8.o)
                              ../Middlewares/ST/AI/Lib\NetworkRuntime1020_CM4_GCC.a(layers_conv2d_stm32_integer.o) (forward_lite_dense_is8os8ws8)
../Middlewares/ST/AI/Lib\NetworkRuntime1020_CM4_GCC.a(forward_lite_maxpool_is8os8_scalepos.o)
                              ../Middlewares/ST/AI/Lib\NetworkRuntime1020_CM4_GCC.a(layers_pool_stm32_integer.o) (forward_lite_maxpool_is8os8_scalepos)
../Middlewares/ST/AI/Lib\NetworkRuntime1020_CM4_GCC.a(forward_lite_avepool_is8os8.o)
                              ../Middlewares/ST/AI/Lib\NetworkRuntime1020_CM4_GCC.a(layers_pool_stm32_integer.o) (forward_lite_avepool_is8os8)
../Middlewares/ST/AI/Lib\NetworkRuntime1020_CM4_GCC.a(forward_lite_dw_sssa8_ch.o)
                              ../Middlewares/ST/AI/Lib\NetworkRuntime1020_CM4_GCC.a(layers_dw_sssa8_ch.o) (st_dw_sssa8_ch_Wadapt)
../Middlewares/ST/AI/Lib\NetworkRuntime1020_CM4_GCC.a(forward_lite_pw_sssa8_ch.o)
                              ../Middlewares/ST/AI/Lib\NetworkRuntime1020_CM4_GCC.a(layers_pw_sssa8_ch.o) (forward_lite_pw_sssa8_ch)
../Middlewares/ST/AI/Lib\NetworkRuntime1020_CM4_GCC.a(forward_lite_conv2d_sssa8_ch.o)
[...]
Memory Configuration

Name             Origin             Length             Attributes
RAM              0x20000000         0x00020000         xrw
FLASH            0x08000000         0x00080000         xr
*default*        0x00000000         0xffffffff

Linker script and memory map

LOAD C:/ST/STM32CubeIDE_1.19.0/STM32CubeIDE/plugins/com.st.stm32cube.ide.mcu.externaltools.gnu-tools-for-stm32.13.3.rel1.win32_1.0.0.202411081344/tools/bin/../lib/gcc/arm-none-eabi/13.3.1/thumb/v7e-m+fp/hard/crti.o
LOAD C:/ST/STM32CubeIDE_1.19.0/STM32CubeIDE/plugins/com.st.stm32cube.ide.mcu.externaltools.gnu-tools-for-stm32.13.3.rel1.win32_1.0.0.202411081344/tools/bin/../lib/gcc/arm-none-eabi/13.3.1/thumb/v7e-m+fp/hard/crtbegin.o
LOAD C:/ST/STM32CubeIDE_1.19.0/STM32CubeIDE/plugins/com.st.stm32cube.ide.mcu.externaltools.gnu-tools-for-stm32.13.3.rel1.win32_1.0.0.202411081344/tools/bin/../lib/gcc/arm-none-eabi/13.3.1/../../../../arm-none-eabi/lib/thumb/v7e-m+fp/hard/crt0.o
LOAD ./Core/Src/main.o
LOAD ./Core/Src/stm32f4xx_hal_msp.o
LOAD ./Core/Src/stm32f4xx_it.o
LOAD ./Core/Src/sysmem.o
LOAD ./Core/Src/system_stm32f4xx.o
LOAD ./Core/Startup/startup_stm32f446retx.o
LOAD ./Drivers/STM32F4xx_HAL_Driver/Src/stm32f4xx_hal.o
LOAD ./Drivers/STM32F4xx_HAL_Driver/Src/stm32f4xx_hal_cortex.o
LOAD ./Drivers/STM32F4xx_HAL_Driver/Src/stm32f4xx_hal_crc.o
LOAD ./Drivers/STM32F4xx_HAL_Driver/Src/stm32f4xx_hal_dma.o
LOAD ./Drivers/STM32F4xx_HAL_Driver/Src/stm32f4xx_hal_dma_ex.o
LOAD ./Drivers/STM32F4xx_HAL_Driver/Src/stm32f4xx_hal_exti.o
LOAD ./Drivers/STM32F4xx_HAL_Driver/Src/stm32f4xx_hal_flash.o
LOAD ./Drivers/STM32F4xx_HAL_Driver/Src/stm32f4xx_hal_flash_ex.o
LOAD ./Drivers/STM32F4xx_HAL_Driver/Src/stm32f4xx_hal_flash_ramfunc.o
LOAD ./Drivers/STM32F4xx_HAL_Driver/Src/stm32f4xx_hal_gpio.o
LOAD ./Drivers/STM32F4xx_HAL_Driver/Src/stm32f4xx_hal_pwr.o
LOAD ./Drivers/STM32F4xx_HAL_Driver/Src/stm32f4xx_hal_pwr_ex.o
LOAD ./Drivers/STM32F4xx_HAL_Driver/Src/stm32f4xx_hal_rcc.o
LOAD ./Drivers/STM32F4xx_HAL_Driver/Src/stm32f4xx_hal_rcc_ex.o
LOAD ./Drivers/STM32F4xx_HAL_Driver/Src/stm32f4xx_hal_uart.o
LOAD ./X-CUBE-AI/App/my_network.o
LOAD ./X-CUBE-AI/App/my_network_data.o
LOAD ./X-CUBE-AI/App/my_network_data_params.o
LOAD ../Middlewares/ST/AI/Lib\NetworkRuntime1020_CM4_GCC.a
START GROUP
LOAD C:/ST/STM32CubeIDE_1.19.0/STM32CubeIDE/plugins/com.st.stm32cube.ide.mcu.externaltools.gnu-tools-for-stm32.13.3.rel1.win32_1.0.0.202411081344/tools/bin/../lib/gcc/arm-none-eabi/13.3.1/../../../../arm-none-eabi/lib/thumb/v7e-m+fp/hard\libc_nano.a
LOAD C:/ST/STM32CubeIDE_1.19.0/STM32CubeIDE/plugins/com.st.stm32cube.ide.mcu.externaltools.gnu-tools-for-stm32.13.3.rel1.win32_1.0.0.202411081344/tools/bin/../lib/gcc/arm-none-eabi/13.3.1/../../../../arm-none-eabi/lib/thumb/v7e-m+fp/hard\libm.a
END GROUP
START GROUP
LOAD C:/ST/STM32CubeIDE_1.19.0/STM32CubeIDE/plugins/com.st.stm32cube.ide.mcu.externaltools.gnu-tools-for-stm32.13.3.rel1.win32_1.0.0.202411081344/tools/bin/../lib/gcc/arm-none-eabi/13.3.1/thumb/v7e-m+fp/hard\libgcc.a
LOAD C:/ST/STM32CubeIDE_1.19.0/STM32CubeIDE/plugins/com.st.stm32cube.ide.mcu.externaltools.gnu-tools-for-stm32.13.3.rel1.win32_1.0.0.202411081344/tools/bin/../lib/gcc/arm-none-eabi/13.3.1/../../../../arm-none-eabi/lib/thumb/v7e-m+fp/hard\libc_nano.a
END GROUP
START GROUP
LOAD C:/ST/STM32CubeIDE_1.19.0/STM32CubeIDE/plugins/com.st.stm32cube.ide.mcu.externaltools.gnu-tools-for-stm32.13.3.rel1.win32_1.0.0.202411081344/tools/bin/../lib/gcc/arm-none-eabi/13.3.1/thumb/v7e-m+fp/hard\libgcc.a
LOAD C:/ST/STM32CubeIDE_1.19.0/STM32CubeIDE/plugins/com.st.stm32cube.ide.mcu.externaltools.gnu-tools-for-stm32.13.3.rel1.win32_1.0.0.202411081344/tools/bin/../lib/gcc/arm-none-eabi/13.3.1/../../../../arm-none-eabi/lib/thumb/v7e-m+fp/hard\libc_nano.a
LOAD C:/ST/STM32CubeIDE_1.19.0/STM32CubeIDE/plugins/com.st.stm32cube.ide.mcu.externaltools.gnu-tools-for-stm32.13.3.rel1.win32_1.0.0.202411081344/tools/bin/../lib/gcc/arm-none-eabi/13.3.1/../../../../arm-none-eabi/lib/thumb/v7e-m+fp/hard\libnosys.a
END GROUP
START GROUP
LOAD C:/ST/STM32CubeIDE_1.19.0/STM32CubeIDE/plugins/com.st.stm32cube.ide.mcu.externaltools.gnu-tools-for-stm32.13.3.rel1.win32_1.0.0.202411081344/tools/bin/../lib/gcc/arm-none-eabi/13.3.1/thumb/v7e-m+fp/hard\libgcc.a
LOAD C:/ST/STM32CubeIDE_1.19.0/STM32CubeIDE/plugins/com.st.stm32cube.ide.mcu.externaltools.gnu-tools-for-stm32.13.3.rel1.win32_1.0.0.202411081344/tools/bin/../lib/gcc/arm-none-eabi/13.3.1/../../../../arm-none-eabi/lib/thumb/v7e-m+fp/hard\libc_nano.a
LOAD C:/ST/STM32CubeIDE_1.19.0/STM32CubeIDE/plugins/com.st.stm32cube.ide.mcu.externaltools.gnu-tools-for-stm32.13.3.rel1.win32_1.0.0.202411081344/tools/bin/../lib/gcc/arm-none-eabi/13.3.1/../../../../arm-none-eabi/lib/thumb/v7e-m+fp/hard\libnosys.a
END GROUP
LOAD C:/ST/STM32CubeIDE_1.19.0/STM32CubeIDE/plugins/com.st.stm32cube.ide.mcu.externaltools.gnu-tools-for-stm32.13.3.rel1.win32_1.0.0.202411081344/tools/bin/../lib/gcc/arm-none-eabi/13.3.1/thumb/v7e-m+fp/hard/crtend.o
LOAD C:/ST/STM32CubeIDE_1.19.0/STM32CubeIDE/plugins/com.st.stm32cube.ide.mcu.externaltools.gnu-tools-for-stm32.13.3.rel1.win32_1.0.0.202411081344/tools/bin/../lib/gcc/arm-none-eabi/13.3.1/thumb/v7e-m+fp/hard/crtn.o
                0x20020000                        _estack = (ORIGIN (RAM) + LENGTH (RAM))
                0x00004000                        _Min_Heap_Size = 0x4000
                0x00002000                        _Min_Stack_Size = 0x2000

.isr_vector     0x08000000      0x1c4
                0x08000000                        . = ALIGN (0x4)
 *(.isr_vector)
 .isr_vector    0x08000000      0x1c4 ./Core/Startup/startup_stm32f446retx.o
                0x08000000                g_pfnVectors
                0x080001c4                        . = ALIGN (0x4)

.text           0x080001d0     0xf174
                0x080001d0                        . = ALIGN (0x4)
 *(.text)
 .text          0x080001d0       0x40 C:/ST/STM32CubeIDE_1.19.0/STM32CubeIDE/plugins/com.st.stm32cube.ide.mcu.externaltools.gnu-tools-for-stm32.13.3.rel1.win32_1.0.0.202411081344/tools/bin/../lib/gcc/arm-none-eabi/13.3.1/thumb/v7e-m+fp/hard/crtbegin.o
 .text          0x08000210       0xa0 C:/ST/STM32CubeIDE_1.19.0/STM32CubeIDE/plugins/com.st.stm32cube.ide.mcu.externaltools.gnu-tools-for-stm32.13.3.rel1.win32_1.0.0.202411081344/tools/bin/../lib/gcc/arm-none-eabi/13.3.1/../../../../arm-none-eabi/lib/thumb/v7e-m+fp/hard\libc_nano.a(libc_a-memchr.o)
                0x08000210                memchr
 .text          0x080002b0       0x10 C:/ST/STM32CubeIDE_1.19.0/STM32CubeIDE/plugins/com.st.stm32cube.ide.mcu.externaltools.gnu-tools-for-stm32.13.3.rel1.win32_1.0.0.202411081344/tools/bin/../lib/gcc/arm-none-eabi/13.3.1/../../../../arm-none-eabi/lib/thumb/v7e-m+fp/hard\libc_nano.a(libc_a-strlen.o)
                0x080002b0                strlen
 .text          0x080002c0      0x378 C:/ST/STM32CubeIDE_1.19.0/STM32CubeIDE/plugins/com.st.stm32cube.ide.mcu.externaltools.gnu-tools-for-stm32.13.3.rel1.win32_1.0.0.202411081344/tools/bin/../lib/gcc/arm-none-eabi/13.3.1/thumb/v7e-m+fp/hard\libgcc.a(_arm_addsubdf3.o)
                0x080002c0                __aeabi_drsub
                0x080002c8                __aeabi_dsub
                0x080002c8                __subdf3
                0x080002cc                __aeabi_dadd
                0x080002cc                __adddf3
                0x08000544                __floatunsidf
                0x08000544                __aeabi_ui2d
                0x08000564                __floatsidf
                0x08000564                __aeabi_i2d
                0x08000588                __aeabi_f2d
                0x08000588                __extendsfdf2
                0x080005cc                __floatundidf
                0x080005cc                __aeabi_ul2d
                0x080005dc                __floatdidf
                0x080005dc                __aeabi_l2d
 .text          0x08000638      0x424 C:/ST/STM32CubeIDE_1.19.0/STM32CubeIDE/plugins/com.st.stm32cube.ide.mcu.externaltools.gnu-tools-for-stm32.13.3.rel1.win32_1.0.0.202411081344/tools/bin/../lib/gcc/arm-none-eabi/13.3.1/thumb/v7e-m+fp/hard\libgcc.a(_arm_muldivdf3.o)
                0x08000638                __aeabi_dmul
                0x08000638                __muldf3
                0x0800088c                __divdf3
                0x0800088c                __aeabi_ddiv
 .text          0x08000a5c      0x110 C:/ST/STM32CubeIDE_1.19.0/STM32CubeIDE/plugins/com.st.stm32cube.ide.mcu.externaltools.gnu-tools-for-stm32.13.3.rel1.win32_1.0.0.202411081344/tools/bin/../lib/gcc/arm-none-eabi/13.3.1/thumb/v7e-m+fp/hard\libgcc.a(_arm_cmpdf2.o)
                0x08000a5c                __gtdf2
                0x08000a5c                __gedf2
                0x08000a64                __ltdf2
                0x08000a64                __ledf2
                0x08000a6c                __nedf2
                0x08000a6c                __eqdf2
                0x08000a6c                __cmpdf2
                0x08000ae8                __aeabi_cdrcmple
                0x08000af8                __aeabi_cdcmpeq
                0x08000af8                __aeabi_cdcmple
                0x08000b08                __aeabi_dcmpeq
                0x08000b1c                __aeabi_dcmplt
                0x08000b30                __aeabi_dcmple
                0x08000b44                __aeabi_dcmpge
                0x08000b58                __aeabi_dcmpgt
 .text          0x08000b6c       0x2c C:/ST/STM32CubeIDE_1.19.0/STM32CubeIDE/plugins/com.st.stm32cube.ide.mcu.externaltools.gnu-tools-for-stm32.13.3.rel1.win32_1.0.0.202411081344/tools/bin/../lib/gcc/arm-none-eabi/13.3.1/thumb/v7e-m+fp/hard\libgcc.a(_arm_unorddf2.o)
                0x08000b6c                __unorddf2
                0x08000b6c                __aeabi_dcmpun
 .text          0x08000b98       0x50 C:/ST/STM32CubeIDE_1.19.0/STM32CubeIDE/plugins/com.st.stm32cube.ide.mcu.externaltools.gnu-tools-for-stm32.13.3.rel1.win32_1.0.0.202411081344/tools/bin/../lib/gcc/arm-none-eabi/13.3.1/thumb/v7e-m+fp/hard\libgcc.a(_arm_fixdfsi.o)
                0x08000b98                __aeabi_d2iz
                0x08000b98                __fixdfsi
 .text          0x08000be8       0x30 C:/ST/STM32CubeIDE_1.19.0/STM32CubeIDE/plugins/com.st.stm32cube.ide.mcu.externaltools.gnu-tools-for-stm32.13.3.rel1.win32_1.0.0.202411081344/tools/bin/../lib/gcc/arm-none-eabi/13.3.1/thumb/v7e-m+fp/hard\libgcc.a(_aeabi_uldivmod.o)
                0x08000be8                __aeabi_uldivmod
 .text          0x08000c18       0x28 C:/ST/STM32CubeIDE_1.19.0/STM32CubeIDE/plugins/com.st.stm32cube.ide.mcu.externaltools.gnu-tools-for-stm32.13.3.rel1.win32_1.0.0.202411081344/tools/bin/../lib/gcc/arm-none-eabi/13.3.1/thumb/v7e-m+fp/hard\libgcc.a(_fixsfdi.o)
                0x08000c18                __fixsfdi
                0x08000c18                __aeabi_f2lz
 .text          0x08000c40       0x40 C:/ST/STM32CubeIDE_1.19.0/STM32CubeIDE/plugins/com.st.stm32cube.ide.mcu.externaltools.gnu-tools-for-stm32.13.3.rel1.win32_1.0.0.202411081344/tools/bin/../lib/gcc/arm-none-eabi/13.3.1/thumb/v7e-m+fp/hard\libgcc.a(_fixunssfdi.o)
                0x08000c40                __fixunssfdi
                0x08000c40                __aeabi_f2ulz
 .text          0x08000c80      0x2f8 C:/ST/STM32CubeIDE_1.19.0/STM32CubeIDE/plugins/com.st.stm32cube.ide.mcu.externaltools.gnu-tools-for-stm32.13.3.rel1.win32_1.0.0.202411081344/tools/bin/../lib/gcc/arm-none-eabi/13.3.1/thumb/v7e-m+fp/hard\libgcc.a(_udivmoddi4.o)
                0x08000c80                __udivmoddi4
 .text          0x08000f78        0x4 C:/ST/STM32CubeIDE_1.19.0/STM32CubeIDE/plugins/com.st.stm32cube.ide.mcu.externaltools.gnu-tools-for-stm32.13.3.rel1.win32_1.0.0.202411081344/tools/bin/../lib/gcc/arm-none-eabi/13.3.1/thumb/v7e-m+fp/hard\libgcc.a(_dvmd_tls.o)
                0x08000f78                __aeabi_idiv0
                0x08000f78                __aeabi_ldiv0
 .text          0x08000f7c       0x40 C:/ST/STM32CubeIDE_1.19.0/STM32CubeIDE/plugins/com.st.stm32cube.ide.mcu.externaltools.gnu-tools-for-stm32.13.3.rel1.win32_1.0.0.202411081344/tools/bin/../lib/gcc/arm-none-eabi/13.3.1/thumb/v7e-m+fp/hard\libgcc.a(_arm_fixunsdfsi.o)
                0x08000f7c                __aeabi_d2uiz
                0x08000f7c                __fixunsdfsi
 *(.text*)
 .text.ai_init  0x08000fbc       0x88 ./Core/Src/main.o
                0x08000fbc                ai_init
 .text.ai_run   0x08001044       0x6c ./Core/Src/main.o
                0x08001044                ai_run
 .text.main     0x080010b0      0x154 ./Core/Src/main.o
                0x080010b0                main
 .text.SystemClock_Config
                0x08001204       0xc8 ./Core/Src/main.o
                0x08001204                SystemClock_Config
 .text.MX_CRC_Init
                0x080012cc       0x28 ./Core/Src/main.o
 .text.MX_USART2_UART_Init
                0x080012f4       0x48 ./Core/Src/main.o
 .text.MX_GPIO_Init
                0x0800133c       0x64 ./Core/Src/main.o
 .text.Error_Handler
                0x080013a0        0xc ./Core/Src/main.o
                0x080013a0                Error_Handler
 .text._write   0x080013ac       0x28 ./Core/Src/main.o
                0x080013ac                _write
 .text._read    0x080013d4       0x1a ./Core/Src/main.o
                0x080013d4                _read
 .text._close   0x080013ee       0x18 ./Core/Src/main.o
                0x080013ee                _close
 .text._lseek   0x08001406       0x1a ./Core/Src/main.o
                0x08001406                _lseek
 .text._fstat   0x08001420       0x18 ./Core/Src/main.o
                0x08001420                _fstat
 .text._isatty  0x08001438       0x16 ./Core/Src/main.o
                0x08001438                _isatty
 *fill*         0x0800144e        0x2 
 .text.HAL_MspInit
                0x08001450       0x50 ./Core/Src/stm32f4xx_hal_msp.o
                0x08001450                HAL_MspInit
 .text.HAL_CRC_MspInit
                0x080014a0       0x44 ./Core/Src/stm32f4xx_hal_msp.o
                0x080014a0                HAL_CRC_MspInit
 .text.HAL_UART_MspInit
                0x080014e4       0x90 ./Core/Src/stm32f4xx_hal_msp.o
                0x080014e4                HAL_UART_MspInit
 .text.NMI_Handler
                0x08001574        0x8 ./Core/Src/stm32f4xx_it.o
                0x08001574                NMI_Handler
 .text.HardFault_Handler
                0x0800157c        0x8 ./Core/Src/stm32f4xx_it.o
                0x0800157c                HardFault_Handler
 .text.MemManage_Handler
                0x08001584        0x8 ./Core/Src/stm32f4xx_it.o
                0x08001584                MemManage_Handler
 .text.BusFault_Handler
                0x0800158c        0x8 ./Core/Src/stm32f4xx_it.o
                0x0800158c                BusFault_Handler
 .text.UsageFault_Handler
                0x08001594        0x8 ./Core/Src/stm32f4xx_it.o
                0x08001594                UsageFault_Handler
 .text.SVC_Handler
                0x0800159c        0xe ./Core/Src/stm32f4xx_it.o
                0x0800159c                SVC_Handler
 .text.DebugMon_Handler
                0x080015aa        0xe ./Core/Src/stm32f4xx_it.o
                0x080015aa                DebugMon_Handler
 .text.PendSV_Handler
                0x080015b8        0xe ./Core/Src/stm32f4xx_it.o
                0x080015b8                PendSV_Handler
 .text.SysTick_Handler
                0x080015c6        0xc ./Core/Src/stm32f4xx_it.o
                0x080015c6                SysTick_Handler
 *fill*         0x080015d2        0x2 
 .text._sbrk    0x080015d4       0x6c ./Core/Src/sysmem.o
                0x080015d4                _sbrk
 .text.SystemInit
                0x08001640       0x24 ./Core/Src/system_stm32f4xx.o
                0x08001640                SystemInit
 .text.Reset_Handler
                0x08001664       0x50 ./Core/Startup/startup_stm32f446retx.o
                0x08001664                Reset_Handler
 .text.Default_Handler
                0x080016b4        0x2 ./Core/Startup/startup_stm32f446retx.o
                0x080016b4                RTC_Alarm_IRQHandler
                0x080016b4                EXTI2_IRQHandler
                0x080016b4                TIM8_CC_IRQHandler
                0x080016b4                FMPI2C1_EV_IRQHandler
                0x080016b4                SPI4_IRQHandler
                0x080016b4                TIM1_CC_IRQHandler
                0x080016b4                DMA2_Stream5_IRQHandler
                0x080016b4                DMA1_Stream5_IRQHandler
                0x080016b4                PVD_IRQHandler
                0x080016b4                SDIO_IRQHandler
                0x080016b4                TAMP_STAMP_IRQHandler
                0x080016b4                CAN2_RX1_IRQHandler
                0x080016b4                EXTI3_IRQHandler
                0x080016b4                TIM8_TRG_COM_TIM14_IRQHandler
                0x080016b4                TIM1_UP_TIM10_IRQHandler
                0x080016b4                TIM8_UP_TIM13_IRQHandler
                0x080016b4                I2C3_ER_IRQHandler
                0x080016b4                EXTI0_IRQHandler
                0x080016b4                I2C2_EV_IRQHandler
                0x080016b4                DMA1_Stream2_IRQHandler
                0x080016b4                CAN1_RX0_IRQHandler
                0x080016b4                FPU_IRQHandler
                0x080016b4                OTG_HS_WKUP_IRQHandler
                0x080016b4                CAN2_SCE_IRQHandler
                0x080016b4                DMA2_Stream2_IRQHandler
                0x080016b4                SPI1_IRQHandler
                0x080016b4                TIM6_DAC_IRQHandler
                0x080016b4                TIM1_BRK_TIM9_IRQHandler
                0x080016b4                DCMI_IRQHandler
                0x080016b4                CAN2_RX0_IRQHandler
                0x080016b4                DMA2_Stream3_IRQHandler
                0x080016b4                SAI2_IRQHandler
                0x080016b4                USART6_IRQHandler
                0x080016b4                USART3_IRQHandler
                0x080016b4                CAN1_RX1_IRQHandler
                0x080016b4                UART5_IRQHandler
                0x080016b4                DMA2_Stream0_IRQHandler
                0x080016b4                TIM4_IRQHandler
                0x080016b4                QUADSPI_IRQHandler
                0x080016b4                I2C1_EV_IRQHandler
                0x080016b4                DMA1_Stream6_IRQHandler
                0x080016b4                DMA1_Stream1_IRQHandler
                0x080016b4                UART4_IRQHandler
                0x080016b4                TIM3_IRQHandler
                0x080016b4                RCC_IRQHandler
                0x080016b4                TIM8_BRK_TIM12_IRQHandler
                0x080016b4                Default_Handler
                0x080016b4                CEC_IRQHandler
                0x080016b4                EXTI15_10_IRQHandler
                0x080016b4                ADC_IRQHandler
                0x080016b4                DMA1_Stream7_IRQHandler
                0x080016b4                TIM7_IRQHandler
                0x080016b4                CAN2_TX_IRQHandler
                0x080016b4                TIM5_IRQHandler
                0x080016b4                DMA2_Stream7_IRQHandler
                0x080016b4                I2C3_EV_IRQHandler
                0x080016b4                EXTI9_5_IRQHandler
                0x080016b4                RTC_WKUP_IRQHandler
                0x080016b4                SPDIF_RX_IRQHandler
                0x080016b4                SPI2_IRQHandler
                0x080016b4                OTG_HS_EP1_IN_IRQHandler
                0x080016b4                DMA1_Stream0_IRQHandler
                0x080016b4                CAN1_TX_IRQHandler
                0x080016b4                FMPI2C1_ER_IRQHandler
                0x080016b4                EXTI4_IRQHandler
                0x080016b4                OTG_HS_EP1_OUT_IRQHandler
                0x080016b4                WWDG_IRQHandler
                0x080016b4                TIM2_IRQHandler
                0x080016b4                OTG_FS_WKUP_IRQHandler
                0x080016b4                TIM1_TRG_COM_TIM11_IRQHandler
                0x080016b4                OTG_HS_IRQHandler
                0x080016b4                EXTI1_IRQHandler
                0x080016b4                USART2_IRQHandler
                0x080016b4                I2C2_ER_IRQHandler
                0x080016b4                DMA2_Stream1_IRQHandler
                0x080016b4                CAN1_SCE_IRQHandler
                0x080016b4                FLASH_IRQHandler
                0x080016b4                DMA2_Stream4_IRQHandler
                0x080016b4                USART1_IRQHandler
                0x080016b4                OTG_FS_IRQHandler
                0x080016b4                SPI3_IRQHandler
                0x080016b4                DMA1_Stream4_IRQHandler
                0x080016b4                I2C1_ER_IRQHandler
                0x080016b4                FMC_IRQHandler
                0x080016b4                DMA2_Stream6_IRQHandler
                0x080016b4                SAI1_IRQHandler
                0x080016b4                DMA1_Stream3_IRQHandler
 *fill*         0x080016b6        0x2 
 .text.HAL_Init
                0x080016b8       0x44 ./Drivers/STM32F4xx_HAL_Driver/Src/stm32f4xx_hal.o
                0x080016b8                HAL_Init
 .text.HAL_InitTick
                0x080016fc       0x60 ./Drivers/STM32F4xx_HAL_Driver/Src/stm32f4xx_hal.o
                0x080016fc                HAL_InitTick
 .text.HAL_IncTick
                0x0800175c       0x28 ./Drivers/STM32F4xx_HAL_Driver/Src/stm32f4xx_hal.o
                0x0800175c                HAL_IncTick
 .text.HAL_GetTick
                0x08001784       0x18 ./Drivers/STM32F4xx_HAL_Driver/Src/stm32f4xx_hal.o
                0x08001784                HAL_GetTick
 .text.__NVIC_SetPriorityGrouping
                0x0800179c       0x48 ./Drivers/STM32F4xx_HAL_Driver/Src/stm32f4xx_hal_cortex.o
 .text.__NVIC_GetPriorityGrouping
                0x080017e4       0x1c ./Drivers/STM32F4xx_HAL_Driver/Src/stm32f4xx_hal_cortex.o
 .text.__NVIC_SetPriority
                0x08001800       0x54 ./Drivers/STM32F4xx_HAL_Driver/Src/stm32f4xx_hal_cortex.o
 .text.NVIC_EncodePriority
                0x08001854       0x66 ./Drivers/STM32F4xx_HAL_Driver/Src/stm32f4xx_hal_cortex.o
 *fill*         0x080018ba        0x2 
 .text.SysTick_Config
                0x080018bc       0x44 ./Drivers/STM32F4xx_HAL_Driver/Src/stm32f4xx_hal_cortex.o
 .text.HAL_NVIC_SetPriorityGrouping
                0x08001900       0x16 ./Drivers/STM32F4xx_HAL_Driver/Src/stm32f4xx_hal_cortex.o
                0x08001900                HAL_NVIC_SetPriorityGrouping
 .text.HAL_NVIC_SetPriority
                0x08001916       0x38 ./Drivers/STM32F4xx_HAL_Driver/Src/stm32f4xx_hal_cortex.o
                0x08001916                HAL_NVIC_SetPriority
 .text.HAL_SYSTICK_Config
                0x0800194e       0x18 ./Drivers/STM32F4xx_HAL_Driver/Src/stm32f4xx_hal_cortex.o
                0x0800194e                HAL_SYSTICK_Config
 .text.HAL_CRC_Init
                0x08001966       0x38 ./Drivers/STM32F4xx_HAL_Driver/Src/stm32f4xx_hal_crc.o
                0x08001966                HAL_CRC_Init
 *fill*         0x0800199e        0x2 
 .text.HAL_GPIO_Init
                0x080019a0      0x328 ./Drivers/STM32F4xx_HAL_Driver/Src/stm32f4xx_hal_gpio.o
                0x080019a0                HAL_GPIO_Init
 .text.HAL_GPIO_WritePin
                0x08001cc8       0x32 ./Drivers/STM32F4xx_HAL_Driver/Src/stm32f4xx_hal_gpio.o
                0x08001cc8                HAL_GPIO_WritePin
 .text.HAL_GPIO_TogglePin
                0x08001cfa       0x34 ./Drivers/STM32F4xx_HAL_Driver/Src/stm32f4xx_hal_gpio.o
                0x08001cfa                HAL_GPIO_TogglePin
 *fill*         0x08001d2e        0x2 
 .text.HAL_PWREx_EnableOverDrive
                0x08001d30       0xa0 ./Drivers/STM32F4xx_HAL_Driver/Src/stm32f4xx_hal_pwr_ex.o
                0x08001d30                HAL_PWREx_EnableOverDrive
 .text.HAL_RCC_ClockConfig
                0x08001dd0      0x1cc ./Drivers/STM32F4xx_HAL_Driver/Src/stm32f4xx_hal_rcc.o
                0x08001dd0                HAL_RCC_ClockConfig
 .text.HAL_RCC_GetHCLKFreq
                0x08001f9c       0x18 ./Drivers/STM32F4xx_HAL_Driver/Src/stm32f4xx_hal_rcc.o
                0x08001f9c                HAL_RCC_GetHCLKFreq
 .text.HAL_RCC_GetPCLK1Freq
                0x08001fb4       0x28 ./Drivers/STM32F4xx_HAL_Driver/Src/stm32f4xx_hal_rcc.o
                0x08001fb4                HAL_RCC_GetPCLK1Freq
 .text.HAL_RCC_GetPCLK2Freq
                0x08001fdc       0x28 ./Drivers/STM32F4xx_HAL_Driver/Src/stm32f4xx_hal_rcc.o
                0x08001fdc                HAL_RCC_GetPCLK2Freq
 .text.HAL_RCC_GetSysClockFreq
                0x08002004      0x354 ./Drivers/STM32F4xx_HAL_Driver/Src/stm32f4xx_hal_rcc_ex.o
                0x08002004                HAL_RCC_GetSysClockFreq
 .text.HAL_RCC_OscConfig
                0x08002358      0x53c ./Drivers/STM32F4xx_HAL_Driver/Src/stm32f4xx_hal_rcc_ex.o
                0x08002358                HAL_RCC_OscConfig
 .text.HAL_UART_Init
                0x08002894       0xa0 ./Drivers/STM32F4xx_HAL_Driver/Src/stm32f4xx_hal_uart.o
                0x08002894                HAL_UART_Init
 .text.HAL_UART_Transmit
                0x08002934      0x116 ./Drivers/STM32F4xx_HAL_Driver/Src/stm32f4xx_hal_uart.o
                0x08002934                HAL_UART_Transmit
 .text.HAL_UART_Receive
                0x08002a4a      0x12e ./Drivers/STM32F4xx_HAL_Driver/Src/stm32f4xx_hal_uart.o
                0x08002a4a                HAL_UART_Receive
 .text.UART_WaitOnFlagUntilTimeout
                0x08002b78       0xb2 ./Drivers/STM32F4xx_HAL_Driver/Src/stm32f4xx_hal_uart.o
 .text.UART_EndRxTransfer
                0x08002c2a       0xc6 ./Drivers/STM32F4xx_HAL_Driver/Src/stm32f4xx_hal_uart.o
 .text.UART_SetConfig
                0x08002cf0      0x4e8 ./Drivers/STM32F4xx_HAL_Driver/Src/stm32f4xx_hal_uart.o
 .text.my_network_configure_activations
                0x080031d8      0x618 ./X-CUBE-AI/App/my_network.o
 .text.my_network_configure_weights
                0x080037f0      0x460 ./X-CUBE-AI/App/my_network.o
 .text.ai_my_network_create
                0x08003c50       0x2c ./X-CUBE-AI/App/my_network.o
                0x08003c50                ai_my_network_create
 .text.ai_my_network_inputs_get
                0x08003c7c       0x34 ./X-CUBE-AI/App/my_network.o
                0x08003c7c                ai_my_network_inputs_get
 .text.ai_my_network_outputs_get
                0x08003cb0       0x34 ./X-CUBE-AI/App/my_network.o
                0x08003cb0                ai_my_network_outputs_get
 .text.ai_my_network_init
                0x08003ce4       0x78 ./X-CUBE-AI/App/my_network.o
                0x08003ce4                ai_my_network_init
 .text.ai_my_network_run
                0x08003d5c       0x20 ./X-CUBE-AI/App/my_network.o
                0x08003d5c                ai_my_network_run
 .text.ai_my_network_data_activations_buffer_get
                0x08003d7c       0x68 ./X-CUBE-AI/App/my_network_data.o
                0x08003d7c                ai_my_network_data_activations_buffer_get
 .text.ai_my_network_data_weights_buffer_get
                0x08003de4       0x68 ./X-CUBE-AI/App/my_network_data.o
                0x08003de4                ai_my_network_data_weights_buffer_get
 .text.ai_my_network_data_weights_get
                0x08003e4c       0x14 ./X-CUBE-AI/App/my_network_data.o
                0x08003e4c                ai_my_network_data_weights_get
 .text.ai_buffer_get_size
                0x08003e60       0x64 ../Middlewares/ST/AI/Lib\NetworkRuntime1020_CM4_GCC.a(ai_platform.o)
                0x08003e60                ai_buffer_get_size
 .text.ai_buffer_array_sane
                0x08003ec4       0x14 ../Middlewares/ST/AI/Lib\NetworkRuntime1020_CM4_GCC.a(ai_platform.o)
                0x08003ec4                ai_buffer_array_sane
 .text.ai_platform_get_weights_map
                0x08003ed8       0xa4 ../Middlewares/ST/AI/Lib\NetworkRuntime1020_CM4_GCC.a(ai_platform_interface.o)
                0x08003ed8                ai_platform_get_weights_map
 .text.ai_platform_get_activations_map
                0x08003f7c       0xa8 ../Middlewares/ST/AI/Lib\NetworkRuntime1020_CM4_GCC.a(ai_platform_interface.o)
                0x08003f7c                ai_platform_get_activations_map
 .text.ai_platform_network_set_error
                0x08004024        0xc ../Middlewares/ST/AI/Lib\NetworkRuntime1020_CM4_GCC.a(ai_platform_interface.o)
                0x08004024                ai_platform_network_set_error
 .text.ai_platform_inputs_get
                0x08004030       0xec ../Middlewares/ST/AI/Lib\NetworkRuntime1020_CM4_GCC.a(ai_platform_interface.o)
                0x08004030                ai_platform_inputs_get
 .text.ai_platform_outputs_get
                0x0800411c       0xe4 ../Middlewares/ST/AI/Lib\NetworkRuntime1020_CM4_GCC.a(ai_platform_interface.o)
                0x0800411c                ai_platform_outputs_get
 .text.ai_platform_network_create
                0x08004200       0x84 ../Middlewares/ST/AI/Lib\NetworkRuntime1020_CM4_GCC.a(ai_platform_interface.o)
                0x08004200                ai_platform_network_create
 .text.ai_platform_network_init
                0x08004284      0x130 ../Middlewares/ST/AI/Lib\NetworkRuntime1020_CM4_GCC.a(ai_platform_interface.o)
                0x08004284                ai_platform_network_init
 .text.ai_platform_network_post_init
                0x080043b4       0x5c ../Middlewares/ST/AI/Lib\NetworkRuntime1020_CM4_GCC.a(ai_platform_interface.o)
                0x080043b4                ai_platform_network_post_init
 .text.ai_platform_network_process
                0x08004410      0x438 ../Middlewares/ST/AI/Lib\NetworkRuntime1020_CM4_GCC.a(ai_platform_interface.o)
                0x08004410                ai_platform_network_process
 .text.core_init
                0x08004848        0x4 ../Middlewares/ST/AI/Lib\NetworkRuntime1020_CM4_GCC.a(core_common.o)
                0x08004848                core_init
 .text.core_set_error
                0x0800484c       0x18 ../Middlewares/ST/AI/Lib\NetworkRuntime1020_CM4_GCC.a(core_common.o)
                0x0800484c                core_set_error
 .text.node_convert
                0x08004864      0x1d0 ../Middlewares/ST/AI/Lib\NetworkRuntime1020_CM4_GCC.a(core_convert.o)
                0x08004864                node_convert
 .text.ai_check_custom_types
                0x08004a34       0x54 ../Middlewares/ST/AI/Lib\NetworkRuntime1020_CM4_GCC.a(layers.o)
                0x08004a34                ai_check_custom_types
 .text.ai_layers_init_all
                0x08004a88       0x20 ../Middlewares/ST/AI/Lib\NetworkRuntime1020_CM4_GCC.a(layers.o)
                0x08004a88                ai_layers_init_all
 .text.ai_layers_post_init_all
                0x08004aa8       0x3c ../Middlewares/ST/AI/Lib\NetworkRuntime1020_CM4_GCC.a(layers.o)
                0x08004aa8                ai_layers_post_init_all
 .text.ai_layers_forward_all
                0x08004ae4       0x90 ../Middlewares/ST/AI/Lib\NetworkRuntime1020_CM4_GCC.a(layers.o)
                0x08004ae4                ai_layers_forward_all
 .text.forward_conv2d_rgb_sssa8_ch
                0x08004b74      0x180 ../Middlewares/ST/AI/Lib\NetworkRuntime1020_CM4_GCC.a(layers_conv2d_rgb_sssa8_ch.o)
                0x08004b74                forward_conv2d_rgb_sssa8_ch
 .text.forward_dense_integer_SSSA_ch
                0x08004cf4      0x200 ../Middlewares/ST/AI/Lib\NetworkRuntime1020_CM4_GCC.a(layers_conv2d_stm32_integer.o)
                0x08004cf4                forward_dense_integer_SSSA_ch
 .text.forward_dw_3x3_sssa8_ch
                0x08004ef4      0x184 ../Middlewares/ST/AI/Lib\NetworkRuntime1020_CM4_GCC.a(layers_dw_sssa8_ch.o)
                0x08004ef4                forward_dw_3x3_sssa8_ch
 .text.forward_pad
                0x08005078       0x20 ../Middlewares/ST/AI/Lib\NetworkRuntime1020_CM4_GCC.a(layers_generic_float.o)
                0x08005078                forward_pad
 .text.forward_nl_integer
                0x08005098       0xa0 ../Middlewares/ST/AI/Lib\NetworkRuntime1020_CM4_GCC.a(layers_nl_stm32_integer.o)
                0x08005098                forward_nl_integer
 .text.forward_sm_integer
                0x08005138       0xc4 ../Middlewares/ST/AI/Lib\NetworkRuntime1020_CM4_GCC.a(layers_nl_stm32_integer.o)
                0x08005138                forward_sm_integer
 .text.forward_pad_8bit_ch1st_3x3_constant
                0x080051fc       0x94 ../Middlewares/ST/AI/Lib\NetworkRuntime1020_CM4_GCC.a(layers_pad_generic.o)
                0x080051fc                forward_pad_8bit_ch1st_3x3_constant
 .text.forward_pad_constant
                0x08005290       0x8c ../Middlewares/ST/AI/Lib\NetworkRuntime1020_CM4_GCC.a(layers_pad_generic.o)
                0x08005290                forward_pad_constant
 .text.forward_pad_edge
                0x0800531c       0x80 ../Middlewares/ST/AI/Lib\NetworkRuntime1020_CM4_GCC.a(layers_pad_generic.o)
                0x0800531c                forward_pad_edge
 .text.forward_pad_reflect
                0x0800539c       0xa0 ../Middlewares/ST/AI/Lib\NetworkRuntime1020_CM4_GCC.a(layers_pad_generic.o)
                0x0800539c                forward_pad_reflect
 .text.forward_ap_integer_INT8
                0x0800543c      0x1bc ../Middlewares/ST/AI/Lib\NetworkRuntime1020_CM4_GCC.a(layers_pool_stm32_integer.o)
                0x0800543c                forward_ap_integer_INT8
 .text.forward_pw_sssa8_ch
                0x080055f8      0x178 ../Middlewares/ST/AI/Lib\NetworkRuntime1020_CM4_GCC.a(layers_pw_sssa8_ch.o)
                0x080055f8                forward_pw_sssa8_ch
 .text.forward_eltwise_integer_INT8
                0x08005770      0x3a0 ../Middlewares/ST/AI/Lib\NetworkRuntime1020_CM4_GCC.a(layers_stm32_integer.o)
                0x08005770                forward_eltwise_integer_INT8
 .text.forward_lite_node_convert_integer_is8of32
                0x08005b10        0x4 ../Middlewares/ST/AI/Lib\NetworkRuntime1020_CM4_GCC.a(forward_lite_convert.o)
                0x08005b10                forward_lite_node_convert_integer_is8of32
 .text.forward_lite_node_convert_integer_iu8of32
                0x08005b14        0x4 ../Middlewares/ST/AI/Lib\NetworkRuntime1020_CM4_GCC.a(forward_lite_convert.o)
                0x08005b14                forward_lite_node_convert_integer_iu8of32
 .text.forward_lite_node_convert_integer_if32os8
                0x08005b18        0x4 ../Middlewares/ST/AI/Lib\NetworkRuntime1020_CM4_GCC.a(forward_lite_convert.o)
                0x08005b18                forward_lite_node_convert_integer_if32os8
 .text.forward_lite_node_convert_integer_if32ou8
                0x08005b1c        0x4 ../Middlewares/ST/AI/Lib\NetworkRuntime1020_CM4_GCC.a(forward_lite_convert.o)
                0x08005b1c                forward_lite_node_convert_integer_if32ou8
 .text.forward_lite_dense_is8os8ws8_ch
                0x08005b20       0x7c ../Middlewares/ST/AI/Lib\NetworkRuntime1020_CM4_GCC.a(forward_lite_dense_is8os8ws8_ch.o)
                0x08005b20                forward_lite_dense_is8os8ws8_ch
 .text.forward_lite_avepool_is8os8
                0x08005b9c       0x4c ../Middlewares/ST/AI/Lib\NetworkRuntime1020_CM4_GCC.a(forward_lite_avepool_is8os8.o)
                0x08005b9c                forward_lite_avepool_is8os8
 .text.forward_lite_dw_3x3_sssa8_ch
                0x08005be8      0xab0 ../Middlewares/ST/AI/Lib\NetworkRuntime1020_CM4_GCC.a(forward_lite_dw_sssa8_ch.o)
                0x08005be8                forward_lite_dw_3x3_sssa8_ch
 .text.forward_lite_pw_sssa8_ch
                0x08006698      0x36c ../Middlewares/ST/AI/Lib\NetworkRuntime1020_CM4_GCC.a(forward_lite_pw_sssa8_ch.o)
                0x08006698                forward_lite_pw_sssa8_ch
 .text.forward_lite_conv2d_rgb_sssa8_ch
                0x08006a04      0x504 ../Middlewares/ST/AI/Lib\NetworkRuntime1020_CM4_GCC.a(forward_lite_conv2d_sssa8_ch.o)
                0x08006a04                forward_lite_conv2d_rgb_sssa8_ch
 .text.lite_convert_is8of32
                0x08006f08       0x24 ../Middlewares/ST/AI/Lib\NetworkRuntime1020_CM4_GCC.a(lite_convert_kernel.o)
                0x08006f08                lite_convert_is8of32
 .text.lite_convert_iu8of32
                0x08006f2c       0x24 ../Middlewares/ST/AI/Lib\NetworkRuntime1020_CM4_GCC.a(lite_convert_kernel.o)
                0x08006f2c                lite_convert_iu8of32
 .text.lite_convert_if32os8
                0x08006f50       0x6c ../Middlewares/ST/AI/Lib\NetworkRuntime1020_CM4_GCC.a(lite_convert_kernel.o)
                0x08006f50                lite_convert_if32os8
 .text.lite_convert_if32ou8
                0x08006fbc       0x40 ../Middlewares/ST/AI/Lib\NetworkRuntime1020_CM4_GCC.a(lite_convert_kernel.o)
                0x08006fbc                lite_convert_if32ou8
 .text.forward_lite_nl_softmax_is8os8
                0x08006ffc       0x14 ../Middlewares/ST/AI/Lib\NetworkRuntime1020_CM4_GCC.a(lite_nl_generic_integer.o)
                0x08006ffc                forward_lite_nl_softmax_is8os8
 .text.forward_lite_nl_softmax_iu8ou8
                0x08007010       0x14 ../Middlewares/ST/AI/Lib\NetworkRuntime1020_CM4_GCC.a(lite_nl_generic_integer.o)
                0x08007010                forward_lite_nl_softmax_iu8ou8
 .text.forward_lite_pad_8bit_ch1st_3x3_constant_P0022
                0x08007024       0x60 ../Middlewares/ST/AI/Lib\NetworkRuntime1020_CM4_GCC.a(forward_lite_pad_generic.o)
                0x08007024                forward_lite_pad_8bit_ch1st_3x3_constant_P0022
 .text.forward_lite_pad_8bit_ch1st_3x3_constant_P1111
                0x08007084      0x184 ../Middlewares/ST/AI/Lib\NetworkRuntime1020_CM4_GCC.a(forward_lite_pad_generic.o)
                0x08007084                forward_lite_pad_8bit_ch1st_3x3_constant_P1111
 .text.forward_lite_pad_constant
                0x08007208      0x13c ../Middlewares/ST/AI/Lib\NetworkRuntime1020_CM4_GCC.a(forward_lite_pad_generic.o)
                0x08007208                forward_lite_pad_constant
 .text.forward_lite_pad_edge
                0x08007344       0xe4 ../Middlewares/ST/AI/Lib\NetworkRuntime1020_CM4_GCC.a(forward_lite_pad_generic.o)
                0x08007344                forward_lite_pad_edge
 .text.forward_lite_pad_reflect
                0x08007428      0x154 ../Middlewares/ST/AI/Lib\NetworkRuntime1020_CM4_GCC.a(forward_lite_pad_generic.o)
                0x08007428                forward_lite_pad_reflect
 .text.align_factor
                0x0800757c       0xa8 ../Middlewares/ST/AI/Lib\NetworkRuntime1020_CM4_GCC.a(st_align_factor.o)
                0x0800757c                align_factor
 .text.align_factor_ch
                0x08007624       0x60 ../Middlewares/ST/AI/Lib\NetworkRuntime1020_CM4_GCC.a(st_align_factor.o)
                0x08007624                align_factor_ch
 .text.st_int8_to16_dual
                0x08007684      0x1d8 ../Middlewares/ST/AI/Lib\NetworkRuntime1020_CM4_GCC.a(st_int8_to16_no_shift.o)
                0x08007684                st_int8_to16_dual
 .text.ai_padding_opt_init
                0x0800785c       0xb0 ../Middlewares/ST/AI/Lib\NetworkRuntime1020_CM4_GCC.a(st_padding_opt.o)
                0x0800785c                ai_padding_opt_init
 .text.ai_padding_opt_phase1
                0x0800790c       0x34 ../Middlewares/ST/AI/Lib\NetworkRuntime1020_CM4_GCC.a(st_padding_opt.o)
                0x0800790c                ai_padding_opt_phase1
 .text.st_int8_avepool
                0x08007940      0x208 ../Middlewares/ST/AI/Lib\NetworkRuntime1020_CM4_GCC.a(st_int8_pool.o)
                0x08007940                st_int8_avepool
 .text.st_f32_to_int16
                0x08007b48      0x18c ../Middlewares/ST/AI/Lib\NetworkRuntime1020_CM4_GCC.a(st_f32_to_int16.o)
                0x08007b48                st_f32_to_int16
 .text.st_f32_to_int8
                0x08007cd4      0x1bc ../Middlewares/ST/AI/Lib\NetworkRuntime1020_CM4_GCC.a(st_f32_to_int8.o)
                0x08007cd4                st_f32_to_int8
 .text.st_int16_to_f32
                0x08007e90       0xcc ../Middlewares/ST/AI/Lib\NetworkRuntime1020_CM4_GCC.a(st_int16_to_f32.o)
                0x08007e90                st_int16_to_f32
 .text.st_sssa8_ch_convolve_rank1upd
                0x08007f5c      0x128 ../Middlewares/ST/AI/Lib\NetworkRuntime1020_CM4_GCC.a(st_sssa8_ch_convolve.o)
                0x08007f5c                st_sssa8_ch_convolve_rank1upd
 .text.st_sssa8_ch_fully_connected
                0x08008084      0x514 ../Middlewares/ST/AI/Lib\NetworkRuntime1020_CM4_GCC.a(st_sssa8_ch_dense.o)
                0x08008084                st_sssa8_ch_fully_connected
 .text.st_int8_copy
                0x08008598      0x13c ../Middlewares/ST/AI/Lib\NetworkRuntime1020_CM4_GCC.a(st_int8_fill.o)
                0x08008598                st_int8_copy
 .text.st_int8_fill
                0x080086d4       0x80 ../Middlewares/ST/AI/Lib\NetworkRuntime1020_CM4_GCC.a(st_int8_fill.o)
                0x080086d4                st_int8_fill
 .text.st_int8_reordered_no_shift_zero
                0x08008754       0x68 ../Middlewares/ST/AI/Lib\NetworkRuntime1020_CM4_GCC.a(st_int8_reordered_no_shift.o)
                0x08008754                st_int8_reordered_no_shift_zero
 .text.st_sssa8_ch_nn_mat_mult_kernel_single_opt
                0x080087bc      0x344 ../Middlewares/ST/AI/Lib\NetworkRuntime1020_CM4_GCC.a(st_sssa8_ch_nn_mat_mult_kernel_single_opt.o)
                0x080087bc                st_sssa8_ch_nn_mat_mult_kernel_single_opt
 .text.weights_2channels_prefetch
                0x08008b00      0x200 ../Middlewares/ST/AI/Lib\NetworkRuntime1020_CM4_GCC.a(st_sssa8_ch_nn_mat_mult_nt_t.o)
                0x08008b00                weights_2channels_prefetch
 .text.st_sssa8_ch_fullW_prefetch
                0x08008d00       0x7c ../Middlewares/ST/AI/Lib\NetworkRuntime1020_CM4_GCC.a(st_sssa8_ch_nn_mat_mult_nt_t.o)
                0x08008d00                st_sssa8_ch_fullW_prefetch
 .text.st_int8_to_f32
                0x08008d7c       0xc8 ../Middlewares/ST/AI/Lib\NetworkRuntime1020_CM4_GCC.a(st_int8_to_f32.o)
                0x08008d7c                st_int8_to_f32
 .text.st_sssa8_ch_nn_mat_mult_kernel_opt
                0x08008e44      0x33c ../Middlewares/ST/AI/Lib\NetworkRuntime1020_CM4_GCC.a(st_sssa8_ch_nn_mat_mult_kernel_opt.o)
                0x08008e44                st_sssa8_ch_nn_mat_mult_kernel_opt
 .text.st_sssa8_ch_nn_mat_mult_pw_nt_t
                0x08009180      0x760 ../Middlewares/ST/AI/Lib\NetworkRuntime1020_CM4_GCC.a(st_sssa8_ch_nn_mat_mult_pw_nt_t.o)
                0x08009180                st_sssa8_ch_nn_mat_mult_pw_nt_t
 .text.st_sssa8_ch_nn_mat_mult_pw_nt_t_KWS
                0x080098e0      0x470 ../Middlewares/ST/AI/Lib\NetworkRuntime1020_CM4_GCC.a(st_sssa8_ch_nn_mat_mult_pw_nt_t.o)
                0x080098e0                st_sssa8_ch_nn_mat_mult_pw_nt_t_KWS
 .text.ai_mul_buffer_INT8
                0x08009d50      0x698 ../Middlewares/ST/AI/Lib\NetworkRuntime1020_CM4_GCC.a(ai_math_helpers.o)
                0x08009d50                ai_mul_buffer_INT8
 .text.ai_sum_f32
                0x0800a3e8       0x14 ../Middlewares/ST/AI/Lib\NetworkRuntime1020_CM4_GCC.a(ai_math_helpers.o)
                0x0800a3e8                ai_sum_f32
 .text.ai_mul_f32
                0x0800a3fc       0x14 ../Middlewares/ST/AI/Lib\NetworkRuntime1020_CM4_GCC.a(ai_math_helpers.o)
                0x0800a3fc                ai_mul_f32
 .text.ai_sum_buffer_INT8
                0x0800a410      0x2c4 ../Middlewares/ST/AI/Lib\NetworkRuntime1020_CM4_GCC.a(ai_math_helpers.o)
                0x0800a410                ai_sum_buffer_INT8
 .text.ai_array_to_buffer_fmt
                0x0800a6d4       0xe0 ../Middlewares/ST/AI/Lib\NetworkRuntime1020_CM4_GCC.a(ai_datatypes_format.o)
                0x0800a6d4                ai_array_to_buffer_fmt
 .text.ai_array_get_byte_size
                0x0800a7b4       0x3c ../Middlewares/ST/AI/Lib\NetworkRuntime1020_CM4_GCC.a(ai_datatypes_format.o)
                0x0800a7b4                ai_array_get_byte_size
 .text.ai_array_get_data_byte_size
                0x0800a7f0       0x24 ../Middlewares/ST/AI/Lib\NetworkRuntime1020_CM4_GCC.a(ai_datatypes_format.o)
                0x0800a7f0                ai_array_get_data_byte_size
 .text.ai_version_get
                0x0800a814        0xc ../Middlewares/ST/AI/Lib\NetworkRuntime1020_CM4_GCC.a(ai_datatypes_internal.o)
                0x0800a814                ai_version_get
 .text.get_tensor_byte_size
                0x0800a820       0x30 ../Middlewares/ST/AI/Lib\NetworkRuntime1020_CM4_GCC.a(ai_datatypes_internal.o)
                0x0800a820                get_tensor_byte_size
 .text.core_get_broadcasted_shape
                0x0800a850       0x54 ../Middlewares/ST/AI/Lib\NetworkRuntime1020_CM4_GCC.a(core_utils.o)
                0x0800a850                core_get_broadcasted_shape
 .text.core_compute_offsets
                0x0800a8a4      0x12c ../Middlewares/ST/AI/Lib\NetworkRuntime1020_CM4_GCC.a(core_utils.o)
                0x0800a8a4                core_compute_offsets
 .text.ai_math_elementwise_mul_int8
                0x0800a9d0      0x374 ../Middlewares/ST/AI/Lib\NetworkRuntime1020_CM4_GCC.a(ai_math_elementwise_mul_int8.o)
                0x0800a9d0                ai_math_elementwise_mul_int8
 .text.ai_math_elementwise_sum_int8
                0x0800ad44      0x1d8 ../Middlewares/ST/AI/Lib\NetworkRuntime1020_CM4_GCC.a(ai_math_elementwise_sum_int8.o)
                0x0800ad44                ai_math_elementwise_sum_int8
 .text._lite_kernel_nl_softmax_is8os8
                0x0800af1c      0xaa8 ../Middlewares/ST/AI/Lib\NetworkRuntime1020_CM4_GCC.a(lite_nl_softmax_is8os8.o)
                0x0800af1c                _lite_kernel_nl_softmax_is8os8
 .text._lite_kernel_nl_softmax_iu8ou8
                0x0800b9c4      0x7d0 ../Middlewares/ST/AI/Lib\NetworkRuntime1020_CM4_GCC.a(lite_nl_softmax_iu8ou8.o)
                0x0800b9c4                _lite_kernel_nl_softmax_iu8ou8
 .text.malloc   0x0800c194       0x10 C:/ST/STM32CubeIDE_1.19.0/STM32CubeIDE/plugins/com.st.stm32cube.ide.mcu.externaltools.gnu-tools-for-stm32.13.3.rel1.win32_1.0.0.202411081344/tools/bin/../lib/gcc/arm-none-eabi/13.3.1/../../../../arm-none-eabi/lib/thumb/v7e-m+fp/hard\libc_nano.a(libc_a-malloc.o)
                0x0800c194                malloc
 .text.sbrk_aligned
                0x0800c1a4       0x44 C:/ST/STM32CubeIDE_1.19.0/STM32CubeIDE/plugins/com.st.stm32cube.ide.mcu.externaltools.gnu-tools-for-stm32.13.3.rel1.win32_1.0.0.202411081344/tools/bin/../lib/gcc/arm-none-eabi/13.3.1/../../../../arm-none-eabi/lib/thumb/v7e-m+fp/hard\libc_nano.a(libc_a-mallocr.o)
 .text._malloc_r
                0x0800c1e8      0x100 C:/ST/STM32CubeIDE_1.19.0/STM32CubeIDE/plugins/com.st.stm32cube.ide.mcu.externaltools.gnu-tools-for-stm32.13.3.rel1.win32_1.0.0.202411081344/tools/bin/../lib/gcc/arm-none-eabi/13.3.1/../../../../arm-none-eabi/lib/thumb/v7e-m+fp/hard\libc_nano.a(libc_a-mallocr.o)
                0x0800c1e8                _malloc_r
 .text.__malloc_lock
                0x0800c2e8        0xc C:/ST/STM32CubeIDE_1.19.0/STM32CubeIDE/plugins/com.st.stm32cube.ide.mcu.externaltools.gnu-tools-for-stm32.13.3.rel1.win32_1.0.0.202411081344/tools/bin/../lib/gcc/arm-none-eabi/13.3.1/../../../../arm-none-eabi/lib/thumb/v7e-m+fp/hard\libc_nano.a(libc_a-mlock.o)
                0x0800c2e8                __malloc_lock
 .text.__malloc_unlock
                0x0800c2f4        0xc C:/ST/STM32CubeIDE_1.19.0/STM32CubeIDE/plugins/com.st.stm32cube.ide.mcu.externaltools.gnu-tools-for-stm32.13.3.rel1.win32_1.0.0.202411081344/tools/bin/../lib/gcc/arm-none-eabi/13.3.1/../../../../arm-none-eabi/lib/thumb/v7e-m+fp/hard\libc_nano.a(libc_a-mlock.o)
                0x0800c2f4                __malloc_unlock
 .text.__cvt    0x0800c300       0xca C:/ST/STM32CubeIDE_1.19.0/STM32CubeIDE/plugins/com.st.stm32cube.ide.mcu.externaltools.gnu-tools-for-stm32.13.3.rel1.win32_1.0.0.202411081344/tools/bin/../lib/gcc/arm-none-eabi/13.3.1/../../../../arm-none-eabi/lib/thumb/v7e-m+fp/hard\libc_nano.a(libc_a-nano-vfprintf_float.o)
                0x0800c300                __cvt
 .text.__exponent
                0x0800c3ca       0x74 C:/ST/STM32CubeIDE_1.19.0/STM32CubeIDE/plugins/com.st.stm32cube.ide.mcu.externaltools.gnu-tools-for-stm32.13.3.rel1.win32_1.0.0.202411081344/tools/bin/../lib/gcc/arm-none-eabi/13.3.1/../../../../arm-none-eabi/lib/thumb/v7e-m+fp/hard\libc_nano.a(libc_a-nano-vfprintf_float.o)
                0x0800c3ca                __exponent
 *fill*         0x0800c43e        0x2 
 .text._printf_float
                0x0800c440      0x454 C:/ST/STM32CubeIDE_1.19.0/STM32CubeIDE/plugins/com.st.stm32cube.ide.mcu.externaltools.gnu-tools-for-stm32.13.3.rel1.win32_1.0.0.202411081344/tools/bin/../lib/gcc/arm-none-eabi/13.3.1/../../../../arm-none-eabi/lib/thumb/v7e-m+fp/hard\libc_nano.a(libc_a-nano-vfprintf_float.o)
                0x0800c440                _printf_float
 .text._printf_common
                0x0800c894       0xda C:/ST/STM32CubeIDE_1.19.0/STM32CubeIDE/plugins/com.st.stm32cube.ide.mcu.externaltools.gnu-tools-for-stm32.13.3.rel1.win32_1.0.0.202411081344/tools/bin/../lib/gcc/arm-none-eabi/13.3.1/../../../../arm-none-eabi/lib/thumb/v7e-m+fp/hard\libc_nano.a(libc_a-nano-vfprintf_i.o)
                0x0800c894                _printf_common
 *fill*         0x0800c96e        0x2 
 .text._printf_i
                0x0800c970      0x23c C:/ST/STM32CubeIDE_1.19.0/STM32CubeIDE/plugins/com.st.stm32cube.ide.mcu.externaltools.gnu-tools-for-stm32.13.3.rel1.win32_1.0.0.202411081344/tools/bin/../lib/gcc/arm-none-eabi/13.3.1/../../../../arm-none-eabi/lib/thumb/v7e-m+fp/hard\libc_nano.a(libc_a-nano-vfprintf_i.o)
                0x0800c970                _printf_i
 .text.std      0x0800cbac       0x6c C:/ST/STM32CubeIDE_1.19.0/STM32CubeIDE/plugins/com.st.stm32cube.ide.mcu.externaltools.gnu-tools-for-stm32.13.3.rel1.win32_1.0.0.202411081344/tools/bin/../lib/gcc/arm-none-eabi/13.3.1/../../../../arm-none-eabi/lib/thumb/v7e-m+fp/hard\libc_nano.a(libc_a-findfp.o)
 .text.stdio_exit_handler
                0x0800cc18       0x18 C:/ST/STM32CubeIDE_1.19.0/STM32CubeIDE/plugins/com.st.stm32cube.ide.mcu.externaltools.gnu-tools-for-stm32.13.3.rel1.win32_1.0.0.202411081344/tools/bin/../lib/gcc/arm-none-eabi/13.3.1/../../../../arm-none-eabi/lib/thumb/v7e-m+fp/hard\libc_nano.a(libc_a-findfp.o)
 .text.cleanup_stdio
                0x0800cc30       0x40 C:/ST/STM32CubeIDE_1.19.0/STM32CubeIDE/plugins/com.st.stm32cube.ide.mcu.externaltools.gnu-tools-for-stm32.13.3.rel1.win32_1.0.0.202411081344/tools/bin/../lib/gcc/arm-none-eabi/13.3.1/../../../../arm-none-eabi/lib/thumb/v7e-m+fp/hard\libc_nano.a(libc_a-findfp.o)
 .text.global_stdio_init.part.0
                0x0800cc70       0x3c C:/ST/STM32CubeIDE_1.19.0/STM32CubeIDE/plugins/com.st.stm32cube.ide.mcu.externaltools.gnu-tools-for-stm32.13.3.rel1.win32_1.0.0.202411081344/tools/bin/../lib/gcc/arm-none-eabi/13.3.1/../../../../arm-none-eabi/lib/thumb/v7e-m+fp/hard\libc_nano.a(libc_a-findfp.o)
 .text.__sfp_lock_acquire
                0x0800ccac        0xc C:/ST/STM32CubeIDE_1.19.0/STM32CubeIDE/plugins/com.st.stm32cube.ide.mcu.externaltools.gnu-tools-for-stm32.13.3.rel1.win32_1.0.0.202411081344/tools/bin/../lib/gcc/arm-none-eabi/13.3.1/../../../../arm-none-eabi/lib/thumb/v7e-m+fp/hard\libc_nano.a(libc_a-findfp.o)
                0x0800ccac                __sfp_lock_acquire
 .text.__sfp_lock_release
                0x0800ccb8        0xc C:/ST/STM32CubeIDE_1.19.0/STM32CubeIDE/plugins/com.st.stm32cube.ide.mcu.externaltools.gnu-tools-for-stm32.13.3.rel1.win32_1.0.0.202411081344/tools/bin/../lib/gcc/arm-none-eabi/13.3.1/../../../../arm-none-eabi/lib/thumb/v7e-m+fp/hard\libc_nano.a(libc_a-findfp.o)
                0x0800ccb8                __sfp_lock_release
 .text.__sinit  0x0800ccc4       0x30 C:/ST/STM32CubeIDE_1.19.0/STM32CubeIDE/plugins/com.st.stm32cube.ide.mcu.externaltools.gnu-tools-for-stm32.13.3.rel1.win32_1.0.0.202411081344/tools/bin/../lib/gcc/arm-none-eabi/13.3.1/../../../../arm-none-eabi/lib/thumb/v7e-m+fp/hard\libc_nano.a(libc_a-findfp.o)
                0x0800ccc4                __sinit
 .text._fwalk_sglue
                0x0800ccf4       0x3c C:/ST/STM32CubeIDE_1.19.0/STM32CubeIDE/plugins/com.st.stm32cube.ide.mcu.externaltools.gnu-tools-for-stm32.13.3.rel1.win32_1.0.0.202411081344/tools/bin/../lib/gcc/arm-none-eabi/13.3.1/../../../../arm-none-eabi/lib/thumb/v7e-m+fp/hard\libc_nano.a(libc_a-fwalk.o)
                0x0800ccf4                _fwalk_sglue
 .text.printf   0x0800cd30       0x24 C:/ST/STM32CubeIDE_1.19.0/STM32CubeIDE/plugins/com.st.stm32cube.ide.mcu.externaltools.gnu-tools-for-stm32.13.3.rel1.win32_1.0.0.202411081344/tools/bin/../lib/gcc/arm-none-eabi/13.3.1/../../../../arm-none-eabi/lib/thumb/v7e-m+fp/hard\libc_nano.a(libc_a-printf.o)
                0x0800cd30                iprintf
                0x0800cd30                printf
 .text._puts_r  0x0800cd54       0xaa C:/ST/STM32CubeIDE_1.19.0/STM32CubeIDE/plugins/com.st.stm32cube.ide.mcu.externaltools.gnu-tools-for-stm32.13.3.rel1.win32_1.0.0.202411081344/tools/bin/../lib/gcc/arm-none-eabi/13.3.1/../../../../arm-none-eabi/lib/thumb/v7e-m+fp/hard\libc_nano.a(libc_a-puts.o)
                0x0800cd54                _puts_r
 *fill*         0x0800cdfe        0x2 
 .text.puts     0x0800ce00       0x10 C:/ST/STM32CubeIDE_1.19.0/STM32CubeIDE/plugins/com.st.stm32cube.ide.mcu.externaltools.gnu-tools-for-stm32.13.3.rel1.win32_1.0.0.202411081344/tools/bin/../lib/gcc/arm-none-eabi/13.3.1/../../../../arm-none-eabi/lib/thumb/v7e-m+fp/hard\libc_nano.a(libc_a-puts.o)
                0x0800ce00                puts
 .text.__sread  0x0800ce10       0x22 C:/ST/STM32CubeIDE_1.19.0/STM32CubeIDE/plugins/com.st.stm32cube.ide.mcu.externaltools.gnu-tools-for-stm32.13.3.rel1.win32_1.0.0.202411081344/tools/bin/../lib/gcc/arm-none-eabi/13.3.1/../../../../arm-none-eabi/lib/thumb/v7e-m+fp/hard\libc_nano.a(libc_a-stdio.o)
                0x0800ce10                __sread
 .text.__swrite
                0x0800ce32       0x38 C:/ST/STM32CubeIDE_1.19.0/STM32CubeIDE/plugins/com.st.stm32cube.ide.mcu.externaltools.gnu-tools-for-stm32.13.3.rel1.win32_1.0.0.202411081344/tools/bin/../lib/gcc/arm-none-eabi/13.3.1/../../../../arm-none-eabi/lib/thumb/v7e-m+fp/hard\libc_nano.a(libc_a-stdio.o)
                0x0800ce32                __swrite
 .text.__sseek  0x0800ce6a       0x24 C:/ST/STM32CubeIDE_1.19.0/STM32CubeIDE/plugins/com.st.stm32cube.ide.mcu.externaltools.gnu-tools-for-stm32.13.3.rel1.win32_1.0.0.202411081344/tools/bin/../lib/gcc/arm-none-eabi/13.3.1/../../../../arm-none-eabi/lib/thumb/v7e-m+fp/hard\libc_nano.a(libc_a-stdio.o)
                0x0800ce6a                __sseek
 .text.__sclose
                0x0800ce8e        0x8 C:/ST/STM32CubeIDE_1.19.0/STM32CubeIDE/plugins/com.st.stm32cube.ide.mcu.externaltools.gnu-tools-for-stm32.13.3.rel1.win32_1.0.0.202411081344/tools/bin/../lib/gcc/arm-none-eabi/13.3.1/../../../../arm-none-eabi/lib/thumb/v7e-m+fp/hard\libc_nano.a(libc_a-stdio.o)
                0x0800ce8e                __sclose
 .text.__swbuf_r
                0x0800ce96       0x7c C:/ST/STM32CubeIDE_1.19.0/STM32CubeIDE/plugins/com.st.stm32cube.ide.mcu.externaltools.gnu-tools-for-stm32.13.3.rel1.win32_1.0.0.202411081344/tools/bin/../lib/gcc/arm-none-eabi/13.3.1/../../../../arm-none-eabi/lib/thumb/v7e-m+fp/hard\libc_nano.a(libc_a-wbuf.o)
                0x0800ce96                __swbuf_r
 *fill*         0x0800cf12        0x2 
 .text.__swsetup_r
                0x0800cf14       0xac C:/ST/STM32CubeIDE_1.19.0/STM32CubeIDE/plugins/com.st.stm32cube.ide.mcu.externaltools.gnu-tools-for-stm32.13.3.rel1.win32_1.0.0.202411081344/tools/bin/../lib/gcc/arm-none-eabi/13.3.1/../../../../arm-none-eabi/lib/thumb/v7e-m+fp/hard\libc_nano.a(libc_a-wsetup.o)
                0x0800cf14                __swsetup_r
 .text.memset   0x0800cfc0       0x10 C:/ST/STM32CubeIDE_1.19.0/STM32CubeIDE/plugins/com.st.stm32cube.ide.mcu.externaltools.gnu-tools-for-stm32.13.3.rel1.win32_1.0.0.202411081344/tools/bin/../lib/gcc/arm-none-eabi/13.3.1/../../../../arm-none-eabi/lib/thumb/v7e-m+fp/hard\libc_nano.a(libc_a-memset.o)
                0x0800cfc0                memset
 .text._localeconv_r
                0x0800cfd0        0x8 C:/ST/STM32CubeIDE_1.19.0/STM32CubeIDE/plugins/com.st.stm32cube.ide.mcu.externaltools.gnu-tools-for-stm32.13.3.rel1.win32_1.0.0.202411081344/tools/bin/../lib/gcc/arm-none-eabi/13.3.1/../../../../arm-none-eabi/lib/thumb/v7e-m+fp/hard\libc_nano.a(libc_a-localeconv.o)
                0x0800cfd0                _localeconv_r
 .text._close_r
                0x0800cfd8       0x20 C:/ST/STM32CubeIDE_1.19.0/STM32CubeIDE/plugins/com.st.stm32cube.ide.mcu.externaltools.gnu-tools-for-stm32.13.3.rel1.win32_1.0.0.202411081344/tools/bin/../lib/gcc/arm-none-eabi/13.3.1/../../../../arm-none-eabi/lib/thumb/v7e-m+fp/hard\libc_nano.a(libc_a-closer.o)
                0x0800cfd8                _close_r
 .text._lseek_r
                0x0800cff8       0x24 C:/ST/STM32CubeIDE_1.19.0/STM32CubeIDE/plugins/com.st.stm32cube.ide.mcu.externaltools.gnu-tools-for-stm32.13.3.rel1.win32_1.0.0.202411081344/tools/bin/../lib/gcc/arm-none-eabi/13.3.1/../../../../arm-none-eabi/lib/thumb/v7e-m+fp/hard\libc_nano.a(libc_a-lseekr.o)
                0x0800cff8                _lseek_r
 .text._read_r  0x0800d01c       0x24 C:/ST/STM32CubeIDE_1.19.0/STM32CubeIDE/plugins/com.st.stm32cube.ide.mcu.externaltools.gnu-tools-for-stm32.13.3.rel1.win32_1.0.0.202411081344/tools/bin/../lib/gcc/arm-none-eabi/13.3.1/../../../../arm-none-eabi/lib/thumb/v7e-m+fp/hard\libc_nano.a(libc_a-readr.o)
                0x0800d01c                _read_r
 .text._sbrk_r  0x0800d040       0x20 C:/ST/STM32CubeIDE_1.19.0/STM32CubeIDE/plugins/com.st.stm32cube.ide.mcu.externaltools.gnu-tools-for-stm32.13.3.rel1.win32_1.0.0.202411081344/tools/bin/../lib/gcc/arm-none-eabi/13.3.1/../../../../arm-none-eabi/lib/thumb/v7e-m+fp/hard\libc_nano.a(libc_a-sbrkr.o)
                0x0800d040                _sbrk_r
 .text._write_r
                0x0800d060       0x24 C:/ST/STM32CubeIDE_1.19.0/STM32CubeIDE/plugins/com.st.stm32cube.ide.mcu.externaltools.gnu-tools-for-stm32.13.3.rel1.win32_1.0.0.202411081344/tools/bin/../lib/gcc/arm-none-eabi/13.3.1/../../../../arm-none-eabi/lib/thumb/v7e-m+fp/hard\libc_nano.a(libc_a-writer.o)
                0x0800d060                _write_r
 .text.__errno  0x0800d084        0xc C:/ST/STM32CubeIDE_1.19.0/STM32CubeIDE/plugins/com.st.stm32cube.ide.mcu.externaltools.gnu-tools-for-stm32.13.3.rel1.win32_1.0.0.202411081344/tools/bin/../lib/gcc/arm-none-eabi/13.3.1/../../../../arm-none-eabi/lib/thumb/v7e-m+fp/hard\libc_nano.a(libc_a-errno.o)
                0x0800d084                __errno
 .text.__libc_init_array
                0x0800d090       0x48 C:/ST/STM32CubeIDE_1.19.0/STM32CubeIDE/plugins/com.st.stm32cube.ide.mcu.externaltools.gnu-tools-for-stm32.13.3.rel1.win32_1.0.0.202411081344/tools/bin/../lib/gcc/arm-none-eabi/13.3.1/../../../../arm-none-eabi/lib/thumb/v7e-m+fp/hard\libc_nano.a(libc_a-init.o)
                0x0800d090                __libc_init_array
 .text.__retarget_lock_init_recursive
                0x0800d0d8        0x2 C:/ST/STM32CubeIDE_1.19.0/STM32CubeIDE/plugins/com.st.stm32cube.ide.mcu.externaltools.gnu-tools-for-stm32.13.3.rel1.win32_1.0.0.202411081344/tools/bin/../lib/gcc/arm-none-eabi/13.3.1/../../../../arm-none-eabi/lib/thumb/v7e-m+fp/hard\libc_nano.a(libc_a-lock.o)
                0x0800d0d8                __retarget_lock_init_recursive
 .text.__retarget_lock_acquire_recursive
                0x0800d0da        0x2 C:/ST/STM32CubeIDE_1.19.0/STM32CubeIDE/plugins/com.st.stm32cube.ide.mcu.externaltools.gnu-tools-for-stm32.13.3.rel1.win32_1.0.0.202411081344/tools/bin/../lib/gcc/arm-none-eabi/13.3.1/../../../../arm-none-eabi/lib/thumb/v7e-m+fp/hard\libc_nano.a(libc_a-lock.o)
                0x0800d0da                __retarget_lock_acquire_recursive
 .text.__retarget_lock_release_recursive
                0x0800d0dc        0x2 C:/ST/STM32CubeIDE_1.19.0/STM32CubeIDE/plugins/com.st.stm32cube.ide.mcu.externaltools.gnu-tools-for-stm32.13.3.rel1.win32_1.0.0.202411081344/tools/bin/../lib/gcc/arm-none-eabi/13.3.1/../../../../arm-none-eabi/lib/thumb/v7e-m+fp/hard\libc_nano.a(libc_a-lock.o)
                0x0800d0dc                __retarget_lock_release_recursive
 .text.memcpy   0x0800d0de       0x1c C:/ST/STM32CubeIDE_1.19.0/STM32CubeIDE/plugins/com.st.stm32cube.ide.mcu.externaltools.gnu-tools-for-stm32.13.3.rel1.win32_1.0.0.202411081344/tools/bin/../lib/gcc/arm-none-eabi/13.3.1/../../../../arm-none-eabi/lib/thumb/v7e-m+fp/hard\libc_nano.a(libc_a-memcpy-stub.o)
                0x0800d0de                memcpy
 .text.quorem   0x0800d0fa      0x110 C:/ST/STM32CubeIDE_1.19.0/STM32CubeIDE/plugins/com.st.stm32cube.ide.mcu.externaltools.gnu-tools-for-stm32.13.3.rel1.win32_1.0.0.202411081344/tools/bin/../lib/gcc/arm-none-eabi/13.3.1/../../../../arm-none-eabi/lib/thumb/v7e-m+fp/hard\libc_nano.a(libc_a-dtoa.o)
 *fill*         0x0800d20a        0x6 
 .text._dtoa_r  0x0800d210      0xba0 C:/ST/STM32CubeIDE_1.19.0/STM32CubeIDE/plugins/com.st.stm32cube.ide.mcu.externaltools.gnu-tools-for-stm32.13.3.rel1.win32_1.0.0.202411081344/tools/bin/../lib/gcc/arm-none-eabi/13.3.1/../../../../arm-none-eabi/lib/thumb/v7e-m+fp/hard\libc_nano.a(libc_a-dtoa.o)
                0x0800d210                _dtoa_r
 .text._free_r  0x0800ddb0       0x94 C:/ST/STM32CubeIDE_1.19.0/STM32CubeIDE/plugins/com.st.stm32cube.ide.mcu.externaltools.gnu-tools-for-stm32.13.3.rel1.win32_1.0.0.202411081344/tools/bin/../lib/gcc/arm-none-eabi/13.3.1/../../../../arm-none-eabi/lib/thumb/v7e-m+fp/hard\libc_nano.a(libc_a-freer.o)
                0x0800ddb0                _free_r
 .text._Balloc  0x0800de44       0x80 C:/ST/STM32CubeIDE_1.19.0/STM32CubeIDE/plugins/com.st.stm32cube.ide.mcu.externaltools.gnu-tools-for-stm32.13.3.rel1.win32_1.0.0.202411081344/tools/bin/../lib/gcc/arm-none-eabi/13.3.1/../../../../arm-none-eabi/lib/thumb/v7e-m+fp/hard\libc_nano.a(libc_a-mprec.o)
                0x0800de44                _Balloc
 .text._Bfree   0x0800dec4       0x44 C:/ST/STM32CubeIDE_1.19.0/STM32CubeIDE/plugins/com.st.stm32cube.ide.mcu.externaltools.gnu-tools-for-stm32.13.3.rel1.win32_1.0.0.202411081344/tools/bin/../lib/gcc/arm-none-eabi/13.3.1/../../../../arm-none-eabi/lib/thumb/v7e-m+fp/hard\libc_nano.a(libc_a-mprec.o)
                0x0800dec4                _Bfree
 .text.__multadd
                0x0800df08       0x8c C:/ST/STM32CubeIDE_1.19.0/STM32CubeIDE/plugins/com.st.stm32cube.ide.mcu.externaltools.gnu-tools-for-stm32.13.3.rel1.win32_1.0.0.202411081344/tools/bin/../lib/gcc/arm-none-eabi/13.3.1/../../../../arm-none-eabi/lib/thumb/v7e-m+fp/hard\libc_nano.a(libc_a-mprec.o)
                0x0800df08                __multadd
 .text.__hi0bits
                0x0800df94       0x3e C:/ST/STM32CubeIDE_1.19.0/STM32CubeIDE/plugins/com.st.stm32cube.ide.mcu.externaltools.gnu-tools-for-stm32.13.3.rel1.win32_1.0.0.202411081344/tools/bin/../lib/gcc/arm-none-eabi/13.3.1/../../../../arm-none-eabi/lib/thumb/v7e-m+fp/hard\libc_nano.a(libc_a-mprec.o)
                0x0800df94                __hi0bits
 .text.__lo0bits
                0x0800dfd2       0x5a C:/ST/STM32CubeIDE_1.19.0/STM32CubeIDE/plugins/com.st.stm32cube.ide.mcu.externaltools.gnu-tools-for-stm32.13.3.rel1.win32_1.0.0.202411081344/tools/bin/../lib/gcc/arm-none-eabi/13.3.1/../../../../arm-none-eabi/lib/thumb/v7e-m+fp/hard\libc_nano.a(libc_a-mprec.o)
                0x0800dfd2                __lo0bits
 .text.__i2b    0x0800e02c       0x2c C:/ST/STM32CubeIDE_1.19.0/STM32CubeIDE/plugins/com.st.stm32cube.ide.mcu.externaltools.gnu-tools-for-stm32.13.3.rel1.win32_1.0.0.202411081344/tools/bin/../lib/gcc/arm-none-eabi/13.3.1/../../../../arm-none-eabi/lib/thumb/v7e-m+fp/hard\libc_nano.a(libc_a-mprec.o)
                0x0800e02c                __i2b
 .text.__multiply
                0x0800e058      0x144 C:/ST/STM32CubeIDE_1.19.0/STM32CubeIDE/plugins/com.st.stm32cube.ide.mcu.externaltools.gnu-tools-for-stm32.13.3.rel1.win32_1.0.0.202411081344/tools/bin/../lib/gcc/arm-none-eabi/13.3.1/../../../../arm-none-eabi/lib/thumb/v7e-m+fp/hard\libc_nano.a(libc_a-mprec.o)
                0x0800e058                __multiply
 .text.__pow5mult
                0x0800e19c       0xb4 C:/ST/STM32CubeIDE_1.19.0/STM32CubeIDE/plugins/com.st.stm32cube.ide.mcu.externaltools.gnu-tools-for-stm32.13.3.rel1.win32_1.0.0.202411081344/tools/bin/../lib/gcc/arm-none-eabi/13.3.1/../../../../arm-none-eabi/lib/thumb/v7e-m+fp/hard\libc_nano.a(libc_a-mprec.o)
                0x0800e19c                __pow5mult
 .text.__lshift
                0x0800e250       0xd8 C:/ST/STM32CubeIDE_1.19.0/STM32CubeIDE/plugins/com.st.stm32cube.ide.mcu.externaltools.gnu-tools-for-stm32.13.3.rel1.win32_1.0.0.202411081344/tools/bin/../lib/gcc/arm-none-eabi/13.3.1/../../../../arm-none-eabi/lib/thumb/v7e-m+fp/hard\libc_nano.a(libc_a-mprec.o)
                0x0800e250                __lshift
 .text.__mcmp   0x0800e328       0x36 C:/ST/STM32CubeIDE_1.19.0/STM32CubeIDE/plugins/com.st.stm32cube.ide.mcu.externaltools.gnu-tools-for-stm32.13.3.rel1.win32_1.0.0.202411081344/tools/bin/../lib/gcc/arm-none-eabi/13.3.1/../../../../arm-none-eabi/lib/thumb/v7e-m+fp/hard\libc_nano.a(libc_a-mprec.o)
                0x0800e328                __mcmp
 *fill*         0x0800e35e        0x2 
 .text.__mdiff  0x0800e360      0x128 C:/ST/STM32CubeIDE_1.19.0/STM32CubeIDE/plugins/com.st.stm32cube.ide.mcu.externaltools.gnu-tools-for-stm32.13.3.rel1.win32_1.0.0.202411081344/tools/bin/../lib/gcc/arm-none-eabi/13.3.1/../../../../arm-none-eabi/lib/thumb/v7e-m+fp/hard\libc_nano.a(libc_a-mprec.o)
                0x0800e360                __mdiff
 .text.__d2b    0x0800e488       0xb0 C:/ST/STM32CubeIDE_1.19.0/STM32CubeIDE/plugins/com.st.stm32cube.ide.mcu.externaltools.gnu-tools-for-stm32.13.3.rel1.win32_1.0.0.202411081344/tools/bin/../lib/gcc/arm-none-eabi/13.3.1/../../../../arm-none-eabi/lib/thumb/v7e-m+fp/hard\libc_nano.a(libc_a-mprec.o)
                0x0800e488                __d2b
 .text.__sfputc_r
                0x0800e538       0x2e C:/ST/STM32CubeIDE_1.19.0/STM32CubeIDE/plugins/com.st.stm32cube.ide.mcu.externaltools.gnu-tools-for-stm32.13.3.rel1.win32_1.0.0.202411081344/tools/bin/../lib/gcc/arm-none-eabi/13.3.1/../../../../arm-none-eabi/lib/thumb/v7e-m+fp/hard\libc_nano.a(libc_a-nano-vfprintf.o)
 .text.__sfputs_r
                0x0800e566       0x24 C:/ST/STM32CubeIDE_1.19.0/STM32CubeIDE/plugins/com.st.stm32cube.ide.mcu.externaltools.gnu-tools-for-stm32.13.3.rel1.win32_1.0.0.202411081344/tools/bin/../lib/gcc/arm-none-eabi/13.3.1/../../../../arm-none-eabi/lib/thumb/v7e-m+fp/hard\libc_nano.a(libc_a-nano-vfprintf.o)
                0x0800e566                __sfputs_r
 *fill*         0x0800e58a        0x2 
 .text._vfprintf_r
                0x0800e58c      0x230 C:/ST/STM32CubeIDE_1.19.0/STM32CubeIDE/plugins/com.st.stm32cube.ide.mcu.externaltools.gnu-tools-for-stm32.13.3.rel1.win32_1.0.0.202411081344/tools/bin/../lib/gcc/arm-none-eabi/13.3.1/../../../../arm-none-eabi/lib/thumb/v7e-m+fp/hard\libc_nano.a(libc_a-nano-vfprintf.o)
                0x0800e58c                _vfprintf_r
                0x0800e58c                _vfiprintf_r
 .text.__sflush_r
                0x0800e7bc      0x108 C:/ST/STM32CubeIDE_1.19.0/STM32CubeIDE/plugins/com.st.stm32cube.ide.mcu.externaltools.gnu-tools-for-stm32.13.3.rel1.win32_1.0.0.202411081344/tools/bin/../lib/gcc/arm-none-eabi/13.3.1/../../../../arm-none-eabi/lib/thumb/v7e-m+fp/hard\libc_nano.a(libc_a-fflush.o)
                0x0800e7bc                __sflush_r
 .text._fflush_r
                0x0800e8c4       0x50 C:/ST/STM32CubeIDE_1.19.0/STM32CubeIDE/plugins/com.st.stm32cube.ide.mcu.externaltools.gnu-tools-for-stm32.13.3.rel1.win32_1.0.0.202411081344/tools/bin/../lib/gcc/arm-none-eabi/13.3.1/../../../../arm-none-eabi/lib/thumb/v7e-m+fp/hard\libc_nano.a(libc_a-fflush.o)
                0x0800e8c4                _fflush_r
 .text.__swhatbuf_r
                0x0800e914       0x4c C:/ST/STM32CubeIDE_1.19.0/STM32CubeIDE/plugins/com.st.stm32cube.ide.mcu.externaltools.gnu-tools-for-stm32.13.3.rel1.win32_1.0.0.202411081344/tools/bin/../lib/gcc/arm-none-eabi/13.3.1/../../../../arm-none-eabi/lib/thumb/v7e-m+fp/hard\libc_nano.a(libc_a-makebuf.o)
                0x0800e914                __swhatbuf_r
 .text.__smakebuf_r
                0x0800e960       0x78 C:/ST/STM32CubeIDE_1.19.0/STM32CubeIDE/plugins/com.st.stm32cube.ide.mcu.externaltools.gnu-tools-for-stm32.13.3.rel1.win32_1.0.0.202411081344/tools/bin/../lib/gcc/arm-none-eabi/13.3.1/../../../../arm-none-eabi/lib/thumb/v7e-m+fp/hard\libc_nano.a(libc_a-makebuf.o)
                0x0800e960                __smakebuf_r
 .text._fstat_r
                0x0800e9d8       0x24 C:/ST/STM32CubeIDE_1.19.0/STM32CubeIDE/plugins/com.st.stm32cube.ide.mcu.externaltools.gnu-tools-for-stm32.13.3.rel1.win32_1.0.0.202411081344/tools/bin/../lib/gcc/arm-none-eabi/13.3.1/../../../../arm-none-eabi/lib/thumb/v7e-m+fp/hard\libc_nano.a(libc_a-fstatr.o)
                0x0800e9d8                _fstat_r
 .text._isatty_r
                0x0800e9fc       0x20 C:/ST/STM32CubeIDE_1.19.0/STM32CubeIDE/plugins/com.st.stm32cube.ide.mcu.externaltools.gnu-tools-for-stm32.13.3.rel1.win32_1.0.0.202411081344/tools/bin/../lib/gcc/arm-none-eabi/13.3.1/../../../../arm-none-eabi/lib/thumb/v7e-m+fp/hard\libc_nano.a(libc_a-isattyr.o)
                0x0800e9fc                _isatty_r
 .text.__assert_func
                0x0800ea1c       0x3c C:/ST/STM32CubeIDE_1.19.0/STM32CubeIDE/plugins/com.st.stm32cube.ide.mcu.externaltools.gnu-tools-for-stm32.13.3.rel1.win32_1.0.0.202411081344/tools/bin/../lib/gcc/arm-none-eabi/13.3.1/../../../../arm-none-eabi/lib/thumb/v7e-m+fp/hard\libc_nano.a(libc_a-assert.o)
                0x0800ea1c                __assert_func
 .text._calloc_r
                0x0800ea58       0x28 C:/ST/STM32CubeIDE_1.19.0/STM32CubeIDE/plugins/com.st.stm32cube.ide.mcu.externaltools.gnu-tools-for-stm32.13.3.rel1.win32_1.0.0.202411081344/tools/bin/../lib/gcc/arm-none-eabi/13.3.1/../../../../arm-none-eabi/lib/thumb/v7e-m+fp/hard\libc_nano.a(libc_a-callocr.o)
                0x0800ea58                _calloc_r
 .text.__ascii_mbtowc
                0x0800ea80       0x24 C:/ST/STM32CubeIDE_1.19.0/STM32CubeIDE/plugins/com.st.stm32cube.ide.mcu.externaltools.gnu-tools-for-stm32.13.3.rel1.win32_1.0.0.202411081344/tools/bin/../lib/gcc/arm-none-eabi/13.3.1/../../../../arm-none-eabi/lib/thumb/v7e-m+fp/hard\libc_nano.a(libc_a-mbtowc_r.o)
                0x0800ea80                __ascii_mbtowc
 .text.__ascii_wctomb
                0x0800eaa4       0x1a C:/ST/STM32CubeIDE_1.19.0/STM32CubeIDE/plugins/com.st.stm32cube.ide.mcu.externaltools.gnu-tools-for-stm32.13.3.rel1.win32_1.0.0.202411081344/tools/bin/../lib/gcc/arm-none-eabi/13.3.1/../../../../arm-none-eabi/lib/thumb/v7e-m+fp/hard\libc_nano.a(libc_a-wctomb_r.o)
                0x0800eaa4                __ascii_wctomb
 *fill*         0x0800eabe        0x2 
 .text.fprintf  0x0800eac0       0x24 C:/ST/STM32CubeIDE_1.19.0/STM32CubeIDE/plugins/com.st.stm32cube.ide.mcu.externaltools.gnu-tools-for-stm32.13.3.rel1.win32_1.0.0.202411081344/tools/bin/../lib/gcc/arm-none-eabi/13.3.1/../../../../arm-none-eabi/lib/thumb/v7e-m+fp/hard\libc_nano.a(libc_a-fprintf.o)
                0x0800eac0                fiprintf
                0x0800eac0                fprintf
 .text.abort    0x0800eae4        0xe C:/ST/STM32CubeIDE_1.19.0/STM32CubeIDE/plugins/com.st.stm32cube.ide.mcu.externaltools.gnu-tools-for-stm32.13.3.rel1.win32_1.0.0.202411081344/tools/bin/../lib/gcc/arm-none-eabi/13.3.1/../../../../arm-none-eabi/lib/thumb/v7e-m+fp/hard\libc_nano.a(libc_a-abort.o)
                0x0800eae4                abort
 .text._raise_r
                0x0800eaf2       0x50 C:/ST/STM32CubeIDE_1.19.0/STM32CubeIDE/plugins/com.st.stm32cube.ide.mcu.externaltools.gnu-tools-for-stm32.13.3.rel1.win32_1.0.0.202411081344/tools/bin/../lib/gcc/arm-none-eabi/13.3.1/../../../../arm-none-eabi/lib/thumb/v7e-m+fp/hard\libc_nano.a(libc_a-signal.o)
                0x0800eaf2                _raise_r
 *fill*         0x0800eb42        0x2 
 .text.raise    0x0800eb44       0x10 C:/ST/STM32CubeIDE_1.19.0/STM32CubeIDE/plugins/com.st.stm32cube.ide.mcu.externaltools.gnu-tools-for-stm32.13.3.rel1.win32_1.0.0.202411081344/tools/bin/../lib/gcc/arm-none-eabi/13.3.1/../../../../arm-none-eabi/lib/thumb/v7e-m+fp/hard\libc_nano.a(libc_a-signal.o)
                0x0800eb44                raise
 .text._kill_r  0x0800eb54       0x24 C:/ST/STM32CubeIDE_1.19.0/STM32CubeIDE/plugins/com.st.stm32cube.ide.mcu.externaltools.gnu-tools-for-stm32.13.3.rel1.win32_1.0.0.202411081344/tools/bin/../lib/gcc/arm-none-eabi/13.3.1/../../../../arm-none-eabi/lib/thumb/v7e-m+fp/hard\libc_nano.a(libc_a-signalr.o)
                0x0800eb54                _kill_r
 .text._getpid_r
                0x0800eb78        0x4 C:/ST/STM32CubeIDE_1.19.0/STM32CubeIDE/plugins/com.st.stm32cube.ide.mcu.externaltools.gnu-tools-for-stm32.13.3.rel1.win32_1.0.0.202411081344/tools/bin/../lib/gcc/arm-none-eabi/13.3.1/../../../../arm-none-eabi/lib/thumb/v7e-m+fp/hard\libc_nano.a(libc_a-signalr.o)
                0x0800eb78                _getpid_r
 .text.powf     0x0800eb7c       0xae C:/ST/STM32CubeIDE_1.19.0/STM32CubeIDE/plugins/com.st.stm32cube.ide.mcu.externaltools.gnu-tools-for-stm32.13.3.rel1.win32_1.0.0.202411081344/tools/bin/../lib/gcc/arm-none-eabi/13.3.1/../../../../arm-none-eabi/lib/thumb/v7e-m+fp/hard\libm.a(libm_a-wf_pow.o)
                0x0800eb7c                powf
 .text.fabsf    0x0800ec2a        0xe C:/ST/STM32CubeIDE_1.19.0/STM32CubeIDE/plugins/com.st.stm32cube.ide.mcu.externaltools.gnu-tools-for-stm32.13.3.rel1.win32_1.0.0.202411081344/tools/bin/../lib/gcc/arm-none-eabi/13.3.1/../../../../arm-none-eabi/lib/thumb/v7e-m+fp/hard\libm.a(libm_a-sf_fabs.o)
                0x0800ec2a                fabsf
 .text.finitef  0x0800ec38       0x14 C:/ST/STM32CubeIDE_1.19.0/STM32CubeIDE/plugins/com.st.stm32cube.ide.mcu.externaltools.gnu-tools-for-stm32.13.3.rel1.win32_1.0.0.202411081344/tools/bin/../lib/gcc/arm-none-eabi/13.3.1/../../../../arm-none-eabi/lib/thumb/v7e-m+fp/hard\libm.a(libm_a-sf_finite.o)
                0x0800ec38                finitef
 .text.with_errnof
                0x0800ec4c       0x1c C:/ST/STM32CubeIDE_1.19.0/STM32CubeIDE/plugins/com.st.stm32cube.ide.mcu.externaltools.gnu-tools-for-stm32.13.3.rel1.win32_1.0.0.202411081344/tools/bin/../lib/gcc/arm-none-eabi/13.3.1/../../../../arm-none-eabi/lib/thumb/v7e-m+fp/hard\libm.a(libm_a-math_errf.o)
 .text.xflowf   0x0800ec68       0x16 C:/ST/STM32CubeIDE_1.19.0/STM32CubeIDE/plugins/com.st.stm32cube.ide.mcu.externaltools.gnu-tools-for-stm32.13.3.rel1.win32_1.0.0.202411081344/tools/bin/../lib/gcc/arm-none-eabi/13.3.1/../../../../arm-none-eabi/lib/thumb/v7e-m+fp/hard\libm.a(libm_a-math_errf.o)
 *fill*         0x0800ec7e        0x2 
 .text.__math_uflowf
                0x0800ec80        0xc C:/ST/STM32CubeIDE_1.19.0/STM32CubeIDE/plugins/com.st.stm32cube.ide.mcu.externaltools.gnu-tools-for-stm32.13.3.rel1.win32_1.0.0.202411081344/tools/bin/../lib/gcc/arm-none-eabi/13.3.1/../../../../arm-none-eabi/lib/thumb/v7e-m+fp/hard\libm.a(libm_a-math_errf.o)
                0x0800ec80                __math_uflowf
 .text.__math_oflowf
                0x0800ec8c        0xc C:/ST/STM32CubeIDE_1.19.0/STM32CubeIDE/plugins/com.st.stm32cube.ide.mcu.externaltools.gnu-tools-for-stm32.13.3.rel1.win32_1.0.0.202411081344/tools/bin/../lib/gcc/arm-none-eabi/13.3.1/../../../../arm-none-eabi/lib/thumb/v7e-m+fp/hard\libm.a(libm_a-math_errf.o)
                0x0800ec8c                __math_oflowf
 .text.__ieee754_powf
                0x0800ec98      0x59c C:/ST/STM32CubeIDE_1.19.0/STM32CubeIDE/plugins/com.st.stm32cube.ide.mcu.externaltools.gnu-tools-for-stm32.13.3.rel1.win32_1.0.0.202411081344/tools/bin/../lib/gcc/arm-none-eabi/13.3.1/../../../../arm-none-eabi/lib/thumb/v7e-m+fp/hard\libm.a(libm_a-ef_pow.o)
                0x0800ec98                __ieee754_powf
 .text.scalbnf  0x0800f234       0xcc C:/ST/STM32CubeIDE_1.19.0/STM32CubeIDE/plugins/com.st.stm32cube.ide.mcu.externaltools.gnu-tools-for-stm32.13.3.rel1.win32_1.0.0.202411081344/tools/bin/../lib/gcc/arm-none-eabi/13.3.1/../../../../arm-none-eabi/lib/thumb/v7e-m+fp/hard\libm.a(libm_a-sf_scalbn.o)
                0x0800f234                scalbnf
 .text.__ieee754_sqrtf
                0x0800f300        0x6 C:/ST/STM32CubeIDE_1.19.0/STM32CubeIDE/plugins/com.st.stm32cube.ide.mcu.externaltools.gnu-tools-for-stm32.13.3.rel1.win32_1.0.0.202411081344/tools/bin/../lib/gcc/arm-none-eabi/13.3.1/../../../../arm-none-eabi/lib/thumb/v7e-m+fp/hard\libm.a(libm_a-ef_sqrt.o)
                0x0800f300                __ieee754_sqrtf
 *fill*         0x0800f306        0x2 
 .text._getpid  0x0800f308       0x10 C:/ST/STM32CubeIDE_1.19.0/STM32CubeIDE/plugins/com.st.stm32cube.ide.mcu.externaltools.gnu-tools-for-stm32.13.3.rel1.win32_1.0.0.202411081344/tools/bin/../lib/gcc/arm-none-eabi/13.3.1/../../../../arm-none-eabi/lib/thumb/v7e-m+fp/hard\libnosys.a(getpid.o)
                0x0800f308                _getpid
 .text._kill    0x0800f318       0x10 C:/ST/STM32CubeIDE_1.19.0/STM32CubeIDE/plugins/com.st.stm32cube.ide.mcu.externaltools.gnu-tools-for-stm32.13.3.rel1.win32_1.0.0.202411081344/tools/bin/../lib/gcc/arm-none-eabi/13.3.1/../../../../arm-none-eabi/lib/thumb/v7e-m+fp/hard\libnosys.a(kill.o)
                0x0800f318                _kill
 .text._exit    0x0800f328        0x2 C:/ST/STM32CubeIDE_1.19.0/STM32CubeIDE/plugins/com.st.stm32cube.ide.mcu.externaltools.gnu-tools-for-stm32.13.3.rel1.win32_1.0.0.202411081344/tools/bin/../lib/gcc/arm-none-eabi/13.3.1/../../../../arm-none-eabi/lib/thumb/v7e-m+fp/hard\libnosys.a(_exit.o)
                0x0800f328                _exit
 *(.glue_7)
 .glue_7        0x0800f32a        0x0 linker stubs
 *(.glue_7t)
 .glue_7t       0x0800f32a        0x0 linker stubs
 *(.eh_frame)
 *fill*         0x0800f32a        0x2 
 .eh_frame      0x0800f32c        0x0 C:/ST/STM32CubeIDE_1.19.0/STM32CubeIDE/plugins/com.st.stm32cube.ide.mcu.externaltools.gnu-tools-for-stm32.13.3.rel1.win32_1.0.0.202411081344/tools/bin/../lib/gcc/arm-none-eabi/13.3.1/thumb/v7e-m+fp/hard/crtbegin.o
 *(.init)
 .init          0x0800f32c        0x4 C:/ST/STM32CubeIDE_1.19.0/STM32CubeIDE/plugins/com.st.stm32cube.ide.mcu.externaltools.gnu-tools-for-stm32.13.3.rel1.win32_1.0.0.202411081344/tools/bin/../lib/gcc/arm-none-eabi/13.3.1/thumb/v7e-m+fp/hard/crti.o
                0x0800f32c                _init
 .init          0x0800f330        0x8 C:/ST/STM32CubeIDE_1.19.0/STM32CubeIDE/plugins/com.st.stm32cube.ide.mcu.externaltools.gnu-tools-for-stm32.13.3.rel1.win32_1.0.0.202411081344/tools/bin/../lib/gcc/arm-none-eabi/13.3.1/thumb/v7e-m+fp/hard/crtn.o
 *(.fini)
 .fini          0x0800f338        0x4 C:/ST/STM32CubeIDE_1.19.0/STM32CubeIDE/plugins/com.st.stm32cube.ide.mcu.externaltools.gnu-tools-for-stm32.13.3.rel1.win32_1.0.0.202411081344/tools/bin/../lib/gcc/arm-none-eabi/13.3.1/thumb/v7e-m+fp/hard/crti.o
                0x0800f338                _fini
 .fini          0x0800f33c        0x8 C:/ST/STM32CubeIDE_1.19.0/STM32CubeIDE/plugins/com.st.stm32cube.ide.mcu.externaltools.gnu-tools-for-stm32.13.3.rel1.win32_1.0.0.202411081344/tools/bin/../lib/gcc/arm-none-eabi/13.3.1/thumb/v7e-m+fp/hard/crtn.o
                0x0800f344                        . = ALIGN (0x4)
                0x0800f344                        _etext = .

.vfp11_veneer   0x0800f344        0x0
 .vfp11_veneer  0x0800f344        0x0 linker stubs

.v4_bx          0x0800f344        0x0
 .v4_bx         0x0800f344        0x0 linker stubs

.iplt           0x0800f344        0x0
 .iplt          0x0800f344        0x0 C:/ST/STM32CubeIDE_1.19.0/STM32CubeIDE/plugins/com.st.stm32cube.ide.mcu.externaltools.gnu-tools-for-stm32.13.3.rel1.win32_1.0.0.202411081344/tools/bin/../lib/gcc/arm-none-eabi/13.3.1/thumb/v7e-m+fp/hard/crtbegin.o

.rodata         0x0800f360     0x6974
                0x0800f360                        . = ALIGN (0x4)
 *(.rodata)
 .rodata        0x0800f360      0x1b5 ./Core/Src/main.o
 *fill*         0x0800f515        0x3 
 .rodata        0x0800f518       0x30 ./X-CUBE-AI/App/my_network_data.o
 *(.rodata*)
 .rodata.AHBPrescTable
                0x0800f548       0x10 ./Core/Src/system_stm32f4xx.o
                0x0800f548                AHBPrescTable
 .rodata.APBPrescTable
                0x0800f558        0x8 ./Core/Src/system_stm32f4xx.o
                0x0800f558                APBPrescTable
 .rodata.__compound_literal.0
                0x0800f560        0x4 ./X-CUBE-AI/App/my_network.o
 .rodata.__compound_literal.1
                0x0800f564        0x1 ./X-CUBE-AI/App/my_network.o
 *fill*         0x0800f565        0x3 
 .rodata.__compound_literal.2
                0x0800f568        0x8 ./X-CUBE-AI/App/my_network.o
 .rodata.conv2d_12_output_array_intq
                0x0800f570        0x8 ./X-CUBE-AI/App/my_network.o
 .rodata.__compound_literal.3
                0x0800f578        0x4 ./X-CUBE-AI/App/my_network.o
 .rodata.__compound_literal.4
                0x0800f57c        0x1 ./X-CUBE-AI/App/my_network.o
 *fill*         0x0800f57d        0x3 
 .rodata.__compound_literal.5
                0x0800f580        0x8 ./X-CUBE-AI/App/my_network.o
 .rodata.conv2d_12_pad_before_output_array_intq
                0x0800f588        0x8 ./X-CUBE-AI/App/my_network.o
 .rodata.__compound_literal.6
                0x0800f590      0x100 ./X-CUBE-AI/App/my_network.o
 .rodata.__compound_literal.7
                0x0800f690       0x40 ./X-CUBE-AI/App/my_network.o
 .rodata.__compound_literal.8
                0x0800f6d0        0x8 ./X-CUBE-AI/App/my_network.o
 .rodata.conv2d_12_weights_array_intq
                0x0800f6d8        0x8 ./X-CUBE-AI/App/my_network.o
 .rodata.__compound_literal.9
                0x0800f6e0        0x4 ./X-CUBE-AI/App/my_network.o
 .rodata.__compound_literal.10
                0x0800f6e4        0x1 ./X-CUBE-AI/App/my_network.o
 *fill*         0x0800f6e5        0x3 
 .rodata.__compound_literal.11
                0x0800f6e8        0x8 ./X-CUBE-AI/App/my_network.o
 .rodata.conv2d_15_output_array_intq
                0x0800f6f0        0x8 ./X-CUBE-AI/App/my_network.o
 .rodata.__compound_literal.12
                0x0800f6f8       0x60 ./X-CUBE-AI/App/my_network.o
 .rodata.__compound_literal.13
                0x0800f758       0x18 ./X-CUBE-AI/App/my_network.o
 .rodata.__compound_literal.14
                0x0800f770        0x8 ./X-CUBE-AI/App/my_network.o
 .rodata.conv2d_15_weights_array_intq
                0x0800f778        0x8 ./X-CUBE-AI/App/my_network.o
 .rodata.__compound_literal.15
                0x0800f780        0x4 ./X-CUBE-AI/App/my_network.o
 .rodata.__compound_literal.16
                0x0800f784        0x1 ./X-CUBE-AI/App/my_network.o
 *fill*         0x0800f785        0x3 
 .rodata.__compound_literal.17
                0x0800f788        0x8 ./X-CUBE-AI/App/my_network.o
 .rodata.conv2d_16_output_array_intq
                0x0800f790        0x8 ./X-CUBE-AI/App/my_network.o
 .rodata.__compound_literal.18
                0x0800f798      0x180 ./X-CUBE-AI/App/my_network.o
 .rodata.__compound_literal.19
                0x0800f918       0x60 ./X-CUBE-AI/App/my_network.o
 .rodata.__compound_literal.20
                0x0800f978        0x8 ./X-CUBE-AI/App/my_network.o
 .rodata.conv2d_16_weights_array_intq
                0x0800f980        0x8 ./X-CUBE-AI/App/my_network.o
 .rodata.__compound_literal.21
                0x0800f988        0x4 ./X-CUBE-AI/App/my_network.o
 .rodata.__compound_literal.22
                0x0800f98c        0x1 ./X-CUBE-AI/App/my_network.o
 *fill*         0x0800f98d        0x3 
 .rodata.__compound_literal.23
                0x0800f990        0x8 ./X-CUBE-AI/App/my_network.o
 .rodata.conv2d_19_output_array_intq
                0x0800f998        0x8 ./X-CUBE-AI/App/my_network.o
 .rodata.__compound_literal.24
                0x0800f9a0        0x4 ./X-CUBE-AI/App/my_network.o
 .rodata.__compound_literal.25
                0x0800f9a4        0x1 ./X-CUBE-AI/App/my_network.o
 *fill*         0x0800f9a5        0x3 
 .rodata.__compound_literal.26
                0x0800f9a8        0x8 ./X-CUBE-AI/App/my_network.o
 .rodata.conv2d_19_pad_before_output_array_intq
                0x0800f9b0        0x8 ./X-CUBE-AI/App/my_network.o
 .rodata.__compound_literal.27
                0x0800f9b8      0x180 ./X-CUBE-AI/App/my_network.o
 .rodata.__compound_literal.28
                0x0800fb38       0x60 ./X-CUBE-AI/App/my_network.o
 .rodata.__compound_literal.29
                0x0800fb98        0x8 ./X-CUBE-AI/App/my_network.o
 .rodata.conv2d_19_weights_array_intq
                0x0800fba0        0x8 ./X-CUBE-AI/App/my_network.o
 .rodata.__compound_literal.30
                0x0800fba8        0x4 ./X-CUBE-AI/App/my_network.o
 .rodata.__compound_literal.31
                0x0800fbac        0x1 ./X-CUBE-AI/App/my_network.o
 *fill*         0x0800fbad        0x3 
 .rodata.__compound_literal.32
                0x0800fbb0        0x8 ./X-CUBE-AI/App/my_network.o
 .rodata.conv2d_1_output_array_intq
                0x0800fbb8        0x8 ./X-CUBE-AI/App/my_network.o
 .rodata.__compound_literal.33
                0x0800fbc0       0x40 ./X-CUBE-AI/App/my_network.o
 .rodata.__compound_literal.34
                0x0800fc00       0x10 ./X-CUBE-AI/App/my_network.o
 .rodata.__compound_literal.35
                0x0800fc10        0x8 ./X-CUBE-AI/App/my_network.o
 .rodata.conv2d_1_weights_array_intq
                0x0800fc18        0x8 ./X-CUBE-AI/App/my_network.o
 .rodata.__compound_literal.36
                0x0800fc20        0x4 ./X-CUBE-AI/App/my_network.o
 .rodata.__compound_literal.37
                0x0800fc24        0x1 ./X-CUBE-AI/App/my_network.o
 *fill*         0x0800fc25        0x3 
 .rodata.__compound_literal.38
                0x0800fc28        0x8 ./X-CUBE-AI/App/my_network.o
 .rodata.conv2d_22_output_array_intq
                0x0800fc30        0x8 ./X-CUBE-AI/App/my_network.o
 .rodata.__compound_literal.39
                0x0800fc38       0x60 ./X-CUBE-AI/App/my_network.o
 .rodata.__compound_literal.40
                0x0800fc98       0x18 ./X-CUBE-AI/App/my_network.o
 .rodata.__compound_literal.41
                0x0800fcb0        0x8 ./X-CUBE-AI/App/my_network.o
 .rodata.conv2d_22_weights_array_intq
                0x0800fcb8        0x8 ./X-CUBE-AI/App/my_network.o
 .rodata.__compound_literal.42
                0x0800fcc0        0x4 ./X-CUBE-AI/App/my_network.o
 .rodata.__compound_literal.43
                0x0800fcc4        0x1 ./X-CUBE-AI/App/my_network.o
 *fill*         0x0800fcc5        0x3 
 .rodata.__compound_literal.44
                0x0800fcc8        0x8 ./X-CUBE-AI/App/my_network.o
 .rodata.conv2d_24_output_array_intq
                0x0800fcd0        0x8 ./X-CUBE-AI/App/my_network.o
 .rodata.__compound_literal.45
                0x0800fcd8      0x180 ./X-CUBE-AI/App/my_network.o
 .rodata.__compound_literal.46
                0x0800fe58       0x60 ./X-CUBE-AI/App/my_network.o
 .rodata.__compound_literal.47
                0x0800feb8        0x8 ./X-CUBE-AI/App/my_network.o
 .rodata.conv2d_24_weights_array_intq
                0x0800fec0        0x8 ./X-CUBE-AI/App/my_network.o
 .rodata.__compound_literal.48
                0x0800fec8        0x4 ./X-CUBE-AI/App/my_network.o
 .rodata.__compound_literal.49
                0x0800fecc        0x1 ./X-CUBE-AI/App/my_network.o
 *fill*         0x0800fecd        0x3 
 .rodata.__compound_literal.50
                0x0800fed0        0x8 ./X-CUBE-AI/App/my_network.o
 .rodata.conv2d_27_output_array_intq
                0x0800fed8        0x8 ./X-CUBE-AI/App/my_network.o
 .rodata.__compound_literal.51
                0x0800fee0        0x4 ./X-CUBE-AI/App/my_network.o
 .rodata.__compound_literal.52
                0x0800fee4        0x1 ./X-CUBE-AI/App/my_network.o
 *fill*         0x0800fee5        0x3 
 .rodata.__compound_literal.53
                0x0800fee8        0x8 ./X-CUBE-AI/App/my_network.o
 .rodata.conv2d_27_pad_before_output_array_intq
                0x0800fef0        0x8 ./X-CUBE-AI/App/my_network.o
 .rodata.__compound_literal.54
                0x0800fef8      0x180 ./X-CUBE-AI/App/my_network.o
 .rodata.__compound_literal.55
                0x08010078       0x60 ./X-CUBE-AI/App/my_network.o
 .rodata.__compound_literal.56
                0x080100d8        0x8 ./X-CUBE-AI/App/my_network.o
 .rodata.conv2d_27_weights_array_intq
                0x080100e0        0x8 ./X-CUBE-AI/App/my_network.o
 .rodata.__compound_literal.57
                0x080100e8        0x4 ./X-CUBE-AI/App/my_network.o
 .rodata.__compound_literal.58
                0x080100ec        0x1 ./X-CUBE-AI/App/my_network.o
 *fill*         0x080100ed        0x3 
 .rodata.__compound_literal.59
                0x080100f0        0x8 ./X-CUBE-AI/App/my_network.o
 .rodata.conv2d_30_output_array_intq
                0x080100f8        0x8 ./X-CUBE-AI/App/my_network.o
 .rodata.__compound_literal.60
                0x08010100       0x80 ./X-CUBE-AI/App/my_network.o
 .rodata.__compound_literal.61
                0x08010180       0x20 ./X-CUBE-AI/App/my_network.o
 .rodata.__compound_literal.62
                0x080101a0        0x8 ./X-CUBE-AI/App/my_network.o
 .rodata.conv2d_30_weights_array_intq
                0x080101a8        0x8 ./X-CUBE-AI/App/my_network.o
 .rodata.__compound_literal.63
                0x080101b0        0x4 ./X-CUBE-AI/App/my_network.o
 .rodata.__compound_literal.64
                0x080101b4        0x1 ./X-CUBE-AI/App/my_network.o
 *fill*         0x080101b5        0x3 
 .rodata.__compound_literal.65
                0x080101b8        0x8 ./X-CUBE-AI/App/my_network.o
 .rodata.conv2d_4_output_array_intq
                0x080101c0        0x8 ./X-CUBE-AI/App/my_network.o
 .rodata.__compound_literal.66
                0x080101c8        0x4 ./X-CUBE-AI/App/my_network.o
 .rodata.__compound_literal.67
                0x080101cc        0x1 ./X-CUBE-AI/App/my_network.o
 *fill*         0x080101cd        0x3 
 .rodata.__compound_literal.68
                0x080101d0        0x8 ./X-CUBE-AI/App/my_network.o
 .rodata.conv2d_4_pad_before_output_array_intq
                0x080101d8        0x8 ./X-CUBE-AI/App/my_network.o
 .rodata.__compound_literal.69
                0x080101e0       0x40 ./X-CUBE-AI/App/my_network.o
 .rodata.__compound_literal.70
                0x08010220       0x10 ./X-CUBE-AI/App/my_network.o
 .rodata.__compound_literal.71
                0x08010230        0x8 ./X-CUBE-AI/App/my_network.o
 .rodata.conv2d_4_weights_array_intq
                0x08010238        0x8 ./X-CUBE-AI/App/my_network.o
 .rodata.__compound_literal.72
                0x08010240        0x4 ./X-CUBE-AI/App/my_network.o
 .rodata.__compound_literal.73
                0x08010244        0x1 ./X-CUBE-AI/App/my_network.o
 *fill*         0x08010245        0x3 
 .rodata.__compound_literal.74
                0x08010248        0x8 ./X-CUBE-AI/App/my_network.o
 .rodata.conv2d_7_output_array_intq
                0x08010250        0x8 ./X-CUBE-AI/App/my_network.o
 .rodata.__compound_literal.75
                0x08010258       0x40 ./X-CUBE-AI/App/my_network.o
 .rodata.__compound_literal.76
                0x08010298       0x10 ./X-CUBE-AI/App/my_network.o
 .rodata.__compound_literal.77
                0x080102a8        0x8 ./X-CUBE-AI/App/my_network.o
 .rodata.conv2d_7_weights_array_intq
                0x080102b0        0x8 ./X-CUBE-AI/App/my_network.o
 .rodata.__compound_literal.78
                0x080102b8        0x4 ./X-CUBE-AI/App/my_network.o
 .rodata.__compound_literal.79
                0x080102bc        0x1 ./X-CUBE-AI/App/my_network.o
 *fill*         0x080102bd        0x3 
 .rodata.__compound_literal.80
                0x080102c0        0x8 ./X-CUBE-AI/App/my_network.o
 .rodata.conv2d_9_output_array_intq
                0x080102c8        0x8 ./X-CUBE-AI/App/my_network.o
 .rodata.__compound_literal.81
                0x080102d0      0x100 ./X-CUBE-AI/App/my_network.o
 .rodata.__compound_literal.82
                0x080103d0       0x40 ./X-CUBE-AI/App/my_network.o
 .rodata.__compound_literal.83
                0x08010410        0x8 ./X-CUBE-AI/App/my_network.o
 .rodata.conv2d_9_weights_array_intq
                0x08010418        0x8 ./X-CUBE-AI/App/my_network.o
 .rodata.__compound_literal.84
                0x08010420        0x4 ./X-CUBE-AI/App/my_network.o
 .rodata.__compound_literal.85
                0x08010424        0x1 ./X-CUBE-AI/App/my_network.o
 *fill*         0x08010425        0x3 
 .rodata.__compound_literal.86
                0x08010428        0x8 ./X-CUBE-AI/App/my_network.o
 .rodata.conversion_0_output_array_intq
                0x08010430        0x8 ./X-CUBE-AI/App/my_network.o
 .rodata.__compound_literal.87
                0x08010438        0x4 ./X-CUBE-AI/App/my_network.o
 .rodata.__compound_literal.88
                0x0801043c        0x1 ./X-CUBE-AI/App/my_network.o
 *fill*         0x0801043d        0x3 
 .rodata.__compound_literal.89
                0x08010440        0x8 ./X-CUBE-AI/App/my_network.o
 .rodata.eltwise_11_output_array_intq
                0x08010448        0x8 ./X-CUBE-AI/App/my_network.o
 .rodata.__compound_literal.90
                0x08010450        0x4 ./X-CUBE-AI/App/my_network.o
 .rodata.__compound_literal.91
                0x08010454        0x1 ./X-CUBE-AI/App/my_network.o
 *fill*         0x08010455        0x3 
 .rodata.__compound_literal.92
                0x08010458        0x8 ./X-CUBE-AI/App/my_network.o
 .rodata.eltwise_14_output_array_intq
                0x08010460        0x8 ./X-CUBE-AI/App/my_network.o
 .rodata.__compound_literal.93
                0x08010468        0x4 ./X-CUBE-AI/App/my_network.o
 .rodata.__compound_literal.94
                0x0801046c        0x1 ./X-CUBE-AI/App/my_network.o
 *fill*         0x0801046d        0x3 
 .rodata.__compound_literal.95
                0x08010470        0x8 ./X-CUBE-AI/App/my_network.o
 .rodata.eltwise_18_output_array_intq
                0x08010478        0x8 ./X-CUBE-AI/App/my_network.o
 .rodata.__compound_literal.96
                0x08010480        0x4 ./X-CUBE-AI/App/my_network.o
 .rodata.__compound_literal.97