../Core/Src/main.c:44:5:ai_init	72	static
../Core/Src/main.c:69:5:ai_run	24	static
../Core/Src/main.c:90:5:main	24	static
../Core/Src/main.c:159:6:SystemClock_Config	88	static
../Core/Src/main.c:186:13:MX_CRC_Init	8	static
../Core/Src/main.c:195:13:MX_USART2_UART_Init	8	static
../Core/Src/main.c:208:13:MX_GPIO_Init	32	static
../Core/Src/main.c:222:6:Error_Handler	4	static,ignoring_inline_asm
../Core/Src/main.c:225:5:_write	24	static
../Core/Src/main.c:229:5:_read	24	static
../Core/Src/main.c:230:5:_close	16	static
../Core/Src/main.c:231:5:_lseek	24	static
../Core/Src/main.c:232:5:_fstat	16	static
../Core/Src/main.c:233:5:_isatty	16	static
